../Core/Inc/bh1750.h:16:6:BH1750_Init	32	static
../Core/Inc/bh1750.h:24:7:BH1750_ReadLux	32	static
../Core/Src/main.c:74:5:main	8	static
../Core/Src/main.c:122:6:SystemClock_Config	96	static
../Core/Src/main.c:173:13:MX_I2C1_Init	8	static
../Core/Src/main.c:221:13:MX_USART1_UART_Init	8	static
../Core/Src/main.c:269:13:MX_GPIO_Init	16	static
../Core/Src/main.c:285:5:_write	24	static
../Core/Src/main.c:292:6:fill_light_buffer	16	static
../Core/Src/main.c:301:6:Log	16	static
../Core/Src/main.c:317:6:Error_Handler	4	static,ignoring_inline_asm
