Archive member included to satisfy reference by file (symbol)

../Middlewares/ST/AI/Lib\NetworkRuntime1020_CM4_GCC.a(ai_platform.o)
                              ./X-CUBE-AI/App/network.o (ai_buffer_array_item_set_address)
../Middlewares/ST/AI/Lib\NetworkRuntime1020_CM4_GCC.a(ai_platform_interface.o)
                              ./X-CUBE-AI/App/network.o (ai_platform_get_weights_map)
../Middlewares/ST/AI/Lib\NetworkRuntime1020_CM4_GCC.a(core_common.o)
                              ../Middlewares/ST/AI/Lib\NetworkRuntime1020_CM4_GCC.a(ai_platform_interface.o) (core_init)
../Middlewares/ST/AI/Lib\NetworkRuntime1020_CM4_GCC.a(core_mem_manager.o)
                              ../Middlewares/ST/AI/Lib\NetworkRuntime1020_CM4_GCC.a(ai_platform_interface.o) (core_mem_alloc)
../Middlewares/ST/AI/Lib\NetworkRuntime1020_CM4_GCC.a(layers.o)
                              ../Middlewares/ST/AI/Lib\NetworkRuntime1020_CM4_GCC.a(ai_platform_interface.o) (ai_check_custom_types)
../Middlewares/ST/AI/Lib\NetworkRuntime1020_CM4_GCC.a(layers_ml_generic_float.o)
                              ./X-CUBE-AI/App/network.o (forward_zipmap)
../Middlewares/ST/AI/Lib\NetworkRuntime1020_CM4_GCC.a(layers_ml_treeensembleclassifier_float.o)
                              ./X-CUBE-AI/App/network.o (forward_tree_ensemble_classifier)
../Middlewares/ST/AI/Lib\NetworkRuntime1020_CM4_GCC.a(layers_conv2d_integer_scratch.o)
                              ../Middlewares/ST/AI/Lib\NetworkRuntime1020_CM4_GCC.a(layers.o) (get_dense_scratch_size_s8)
../Middlewares/ST/AI/Lib\NetworkRuntime1020_CM4_GCC.a(st_int8_fill.o)
                              ../Middlewares/ST/AI/Lib\NetworkRuntime1020_CM4_GCC.a(ai_platform_interface.o) (st_int8_copy)
../Middlewares/ST/AI/Lib\NetworkRuntime1020_CM4_GCC.a(ai_datatypes_format.o)
                              ../Middlewares/ST/AI/Lib\NetworkRuntime1020_CM4_GCC.a(ai_platform_interface.o) (ai_array_to_buffer_fmt)
../Middlewares/ST/AI/Lib\NetworkRuntime1020_CM4_GCC.a(ai_datatypes_internal.o)
                              ../Middlewares/ST/AI/Lib\NetworkRuntime1020_CM4_GCC.a(ai_platform_interface.o) (ai_version_get)
C:/ST/STM32CubeIDE_1.19.0/STM32CubeIDE/plugins/com.st.stm32cube.ide.mcu.externaltools.gnu-tools-for-stm32.13.3.rel1.win32_1.0.0.202411081344/tools/bin/../lib/gcc/arm-none-eabi/13.3.1/../../../../arm-none-eabi/lib/thumb/v7e-m+fp/hard\libc_nano.a(libc_a-exit.o)
                              C:/ST/STM32CubeIDE_1.19.0/STM32CubeIDE/plugins/com.st.stm32cube.ide.mcu.externaltools.gnu-tools-for-stm32.13.3.rel1.win32_1.0.0.202411081344/tools/bin/../lib/gcc/arm-none-eabi/13.3.1/../../../../arm-none-eabi/lib/thumb/v7e-m+fp/hard/crt0.o (exit)
C:/ST/STM32CubeIDE_1.19.0/STM32CubeIDE/plugins/com.st.stm32cube.ide.mcu.externaltools.gnu-tools-for-stm32.13.3.rel1.win32_1.0.0.202411081344/tools/bin/../lib/gcc/arm-none-eabi/13.3.1/../../../../arm-none-eabi/lib/thumb/v7e-m+fp/hard\libc_nano.a(libc_a-malloc.o)
                              ../Middlewares/ST/AI/Lib\NetworkRuntime1020_CM4_GCC.a(core_mem_manager.o) (malloc)
C:/ST/STM32CubeIDE_1.19.0/STM32CubeIDE/plugins/com.st.stm32cube.ide.mcu.externaltools.gnu-tools-for-stm32.13.3.rel1.win32_1.0.0.202411081344/tools/bin/../lib/gcc/arm-none-eabi/13.3.1/../../../../arm-none-eabi/lib/thumb/v7e-m+fp/hard\libc_nano.a(libc_a-mallocr.o)
                              C:/ST/STM32CubeIDE_1.19.0/STM32CubeIDE/plugins/com.st.stm32cube.ide.mcu.externaltools.gnu-tools-for-stm32.13.3.rel1.win32_1.0.0.202411081344/tools/bin/../lib/gcc/arm-none-eabi/13.3.1/../../../../arm-none-eabi/lib/thumb/v7e-m+fp/hard\libc_nano.a(libc_a-malloc.o) (_malloc_r)
C:/ST/STM32CubeIDE_1.19.0/STM32CubeIDE/plugins/com.st.stm32cube.ide.mcu.externaltools.gnu-tools-for-stm32.13.3.rel1.win32_1.0.0.202411081344/tools/bin/../lib/gcc/arm-none-eabi/13.3.1/../../../../arm-none-eabi/lib/thumb/v7e-m+fp/hard\libc_nano.a(libc_a-mlock.o)
                              C:/ST/STM32CubeIDE_1.19.0/STM32CubeIDE/plugins/com.st.stm32cube.ide.mcu.externaltools.gnu-tools-for-stm32.13.3.rel1.win32_1.0.0.202411081344/tools/bin/../lib/gcc/arm-none-eabi/13.3.1/../../../../arm-none-eabi/lib/thumb/v7e-m+fp/hard\libc_nano.a(libc_a-mallocr.o) (__malloc_lock)
C:/ST/STM32CubeIDE_1.19.0/STM32CubeIDE/plugins/com.st.stm32cube.ide.mcu.externaltools.gnu-tools-for-stm32.13.3.rel1.win32_1.0.0.202411081344/tools/bin/../lib/gcc/arm-none-eabi/13.3.1/../../../../arm-none-eabi/lib/thumb/v7e-m+fp/hard\libc_nano.a(libc_a-realloc.o)
                              ../Middlewares/ST/AI/Lib\NetworkRuntime1020_CM4_GCC.a(core_mem_manager.o) (realloc)
C:/ST/STM32CubeIDE_1.19.0/STM32CubeIDE/plugins/com.st.stm32cube.ide.mcu.externaltools.gnu-tools-for-stm32.13.3.rel1.win32_1.0.0.202411081344/tools/bin/../lib/gcc/arm-none-eabi/13.3.1/../../../../arm-none-eabi/lib/thumb/v7e-m+fp/hard\libc_nano.a(libc_a-reallocr.o)
[...]
Memory Configuration

Name             Origin             Length             Attributes
RAM              0x20000000         0x000a0000         xrw
RAM2             0x10000000         0x00010000         xrw
RAM3             0x20040000         0x00060000         xrw
FLASH            0x08000000         0x00200000         xr
*default*        0x00000000         0xffffffff

Linker script and memory map

LOAD C:/ST/STM32CubeIDE_1.19.0/STM32CubeIDE/plugins/com.st.stm32cube.ide.mcu.externaltools.gnu-tools-for-stm32.13.3.rel1.win32_1.0.0.202411081344/tools/bin/../lib/gcc/arm-none-eabi/13.3.1/thumb/v7e-m+fp/hard/crti.o
LOAD C:/ST/STM32CubeIDE_1.19.0/STM32CubeIDE/plugins/com.st.stm32cube.ide.mcu.externaltools.gnu-tools-for-stm32.13.3.rel1.win32_1.0.0.202411081344/tools/bin/../lib/gcc/arm-none-eabi/13.3.1/thumb/v7e-m+fp/hard/crtbegin.o
LOAD C:/ST/STM32CubeIDE_1.19.0/STM32CubeIDE/plugins/com.st.stm32cube.ide.mcu.externaltools.gnu-tools-for-stm32.13.3.rel1.win32_1.0.0.202411081344/tools/bin/../lib/gcc/arm-none-eabi/13.3.1/../../../../arm-none-eabi/lib/thumb/v7e-m+fp/hard/crt0.o
LOAD ./Core/Src/main.o
LOAD ./Core/Src/stm32l4xx_hal_msp.o
LOAD ./Core/Src/stm32l4xx_it.o
LOAD ./Core/Src/syscalls.o
LOAD ./Core/Src/sysmem.o
LOAD ./Core/Src/system_stm32l4xx.o
LOAD ./Core/Startup/startup_stm32l4s5vitx.o
LOAD ./Drivers/STM32L4xx_HAL_Driver/Src/stm32l4xx_hal.o
LOAD ./Drivers/STM32L4xx_HAL_Driver/Src/stm32l4xx_hal_cortex.o
LOAD ./Drivers/STM32L4xx_HAL_Driver/Src/stm32l4xx_hal_dma.o
LOAD ./Drivers/STM32L4xx_HAL_Driver/Src/stm32l4xx_hal_dma_ex.o
LOAD ./Drivers/STM32L4xx_HAL_Driver/Src/stm32l4xx_hal_exti.o
LOAD ./Drivers/STM32L4xx_HAL_Driver/Src/stm32l4xx_hal_flash.o
LOAD ./Drivers/STM32L4xx_HAL_Driver/Src/stm32l4xx_hal_flash_ex.o
LOAD ./Drivers/STM32L4xx_HAL_Driver/Src/stm32l4xx_hal_flash_ramfunc.o
LOAD ./Drivers/STM32L4xx_HAL_Driver/Src/stm32l4xx_hal_gpio.o
LOAD ./Drivers/STM32L4xx_HAL_Driver/Src/stm32l4xx_hal_i2c.o
LOAD ./Drivers/STM32L4xx_HAL_Driver/Src/stm32l4xx_hal_i2c_ex.o
LOAD ./Drivers/STM32L4xx_HAL_Driver/Src/stm32l4xx_hal_pwr.o
LOAD ./Drivers/STM32L4xx_HAL_Driver/Src/stm32l4xx_hal_pwr_ex.o
LOAD ./Drivers/STM32L4xx_HAL_Driver/Src/stm32l4xx_hal_rcc.o
LOAD ./Drivers/STM32L4xx_HAL_Driver/Src/stm32l4xx_hal_rcc_ex.o
LOAD ./Drivers/STM32L4xx_HAL_Driver/Src/stm32l4xx_hal_uart.o
LOAD ./Drivers/STM32L4xx_HAL_Driver/Src/stm32l4xx_hal_uart_ex.o
LOAD ./X-CUBE-AI/App/network.o
LOAD ./X-CUBE-AI/App/network_data.o
LOAD ./X-CUBE-AI/App/network_data_params.o
LOAD ../Middlewares/ST/AI/Lib\NetworkRuntime1020_CM4_GCC.a
START GROUP
LOAD C:/ST/STM32CubeIDE_1.19.0/STM32CubeIDE/plugins/com.st.stm32cube.ide.mcu.externaltools.gnu-tools-for-stm32.13.3.rel1.win32_1.0.0.202411081344/tools/bin/../lib/gcc/arm-none-eabi/13.3.1/../../../../arm-none-eabi/lib/thumb/v7e-m+fp/hard\libc_nano.a
LOAD C:/ST/STM32CubeIDE_1.19.0/STM32CubeIDE/plugins/com.st.stm32cube.ide.mcu.externaltools.gnu-tools-for-stm32.13.3.rel1.win32_1.0.0.202411081344/tools/bin/../lib/gcc/arm-none-eabi/13.3.1/../../../../arm-none-eabi/lib/thumb/v7e-m+fp/hard\libm.a
END GROUP
START GROUP
LOAD C:/ST/STM32CubeIDE_1.19.0/STM32CubeIDE/plugins/com.st.stm32cube.ide.mcu.externaltools.gnu-tools-for-stm32.13.3.rel1.win32_1.0.0.202411081344/tools/bin/../lib/gcc/arm-none-eabi/13.3.1/thumb/v7e-m+fp/hard\libgcc.a
LOAD C:/ST/STM32CubeIDE_1.19.0/STM32CubeIDE/plugins/com.st.stm32cube.ide.mcu.externaltools.gnu-tools-for-stm32.13.3.rel1.win32_1.0.0.202411081344/tools/bin/../lib/gcc/arm-none-eabi/13.3.1/../../../../arm-none-eabi/lib/thumb/v7e-m+fp/hard\libc_nano.a
END GROUP
START GROUP
LOAD C:/ST/STM32CubeIDE_1.19.0/STM32CubeIDE/plugins/com.st.stm32cube.ide.mcu.externaltools.gnu-tools-for-stm32.13.3.rel1.win32_1.0.0.202411081344/tools/bin/../lib/gcc/arm-none-eabi/13.3.1/thumb/v7e-m+fp/hard\libgcc.a
LOAD C:/ST/STM32CubeIDE_1.19.0/STM32CubeIDE/plugins/com.st.stm32cube.ide.mcu.externaltools.gnu-tools-for-stm32.13.3.rel1.win32_1.0.0.202411081344/tools/bin/../lib/gcc/arm-none-eabi/13.3.1/../../../../arm-none-eabi/lib/thumb/v7e-m+fp/hard\libc_nano.a
LOAD C:/ST/STM32CubeIDE_1.19.0/STM32CubeIDE/plugins/com.st.stm32cube.ide.mcu.externaltools.gnu-tools-for-stm32.13.3.rel1.win32_1.0.0.202411081344/tools/bin/../lib/gcc/arm-none-eabi/13.3.1/../../../../arm-none-eabi/lib/thumb/v7e-m+fp/hard\libnosys.a
END GROUP
START GROUP
LOAD C:/ST/STM32CubeIDE_1.19.0/STM32CubeIDE/plugins/com.st.stm32cube.ide.mcu.externaltools.gnu-tools-for-stm32.13.3.rel1.win32_1.0.0.202411081344/tools/bin/../lib/gcc/arm-none-eabi/13.3.1/thumb/v7e-m+fp/hard\libgcc.a
LOAD C:/ST/STM32CubeIDE_1.19.0/STM32CubeIDE/plugins/com.st.stm32cube.ide.mcu.externaltools.gnu-tools-for-stm32.13.3.rel1.win32_1.0.0.202411081344/tools/bin/../lib/gcc/arm-none-eabi/13.3.1/../../../../arm-none-eabi/lib/thumb/v7e-m+fp/hard\libc_nano.a
LOAD C:/ST/STM32CubeIDE_1.19.0/STM32CubeIDE/plugins/com.st.stm32cube.ide.mcu.externaltools.gnu-tools-for-stm32.13.3.rel1.win32_1.0.0.202411081344/tools/bin/../lib/gcc/arm-none-eabi/13.3.1/../../../../arm-none-eabi/lib/thumb/v7e-m+fp/hard\libnosys.a
END GROUP
LOAD C:/ST/STM32CubeIDE_1.19.0/STM32CubeIDE/plugins/com.st.stm32cube.ide.mcu.externaltools.gnu-tools-for-stm32.13.3.rel1.win32_1.0.0.202411081344/tools/bin/../lib/gcc/arm-none-eabi/13.3.1/thumb/v7e-m+fp/hard/crtend.o
LOAD C:/ST/STM32CubeIDE_1.19.0/STM32CubeIDE/plugins/com.st.stm32cube.ide.mcu.externaltools.gnu-tools-for-stm32.13.3.rel1.win32_1.0.0.202411081344/tools/bin/../lib/gcc/arm-none-eabi/13.3.1/thumb/v7e-m+fp/hard/crtn.o
                0x200a0000                        _estack = (ORIGIN (RAM) + LENGTH (RAM))
                0x00000800                        _Min_Heap_Size = 0x800
                0x00000800                        _Min_Stack_Size = 0x800

.isr_vector     0x08000000      0x1bc
                0x08000000                        . = ALIGN (0x4)
 *(.isr_vector)
 .isr_vector    0x08000000      0x1bc ./Core/Startup/startup_stm32l4s5vitx.o
                0x08000000                g_pfnVectors
                0x080001bc                        . = ALIGN (0x4)

.text           0x080001c0     0x6574
                0x080001c0                        . = ALIGN (0x4)
 *(.text)
 .text          0x080001c0       0x40 C:/ST/STM32CubeIDE_1.19.0/STM32CubeIDE/plugins/com.st.stm32cube.ide.mcu.externaltools.gnu-tools-for-stm32.13.3.rel1.win32_1.0.0.202411081344/tools/bin/../lib/gcc/arm-none-eabi/13.3.1/thumb/v7e-m+fp/hard/crtbegin.o
 .text          0x08000200       0xa0 C:/ST/STM32CubeIDE_1.19.0/STM32CubeIDE/plugins/com.st.stm32cube.ide.mcu.externaltools.gnu-tools-for-stm32.13.3.rel1.win32_1.0.0.202411081344/tools/bin/../lib/gcc/arm-none-eabi/13.3.1/../../../../arm-none-eabi/lib/thumb/v7e-m+fp/hard\libc_nano.a(libc_a-memchr.o)
                0x08000200                memchr
 .text          0x080002a0       0x30 C:/ST/STM32CubeIDE_1.19.0/STM32CubeIDE/plugins/com.st.stm32cube.ide.mcu.externaltools.gnu-tools-for-stm32.13.3.rel1.win32_1.0.0.202411081344/tools/bin/../lib/gcc/arm-none-eabi/13.3.1/thumb/v7e-m+fp/hard\libgcc.a(_aeabi_uldivmod.o)
                0x080002a0                __aeabi_uldivmod
 .text          0x080002d0      0x2f8 C:/ST/STM32CubeIDE_1.19.0/STM32CubeIDE/plugins/com.st.stm32cube.ide.mcu.externaltools.gnu-tools-for-stm32.13.3.rel1.win32_1.0.0.202411081344/tools/bin/../lib/gcc/arm-none-eabi/13.3.1/thumb/v7e-m+fp/hard\libgcc.a(_udivmoddi4.o)
                0x080002d0                __udivmoddi4
 .text          0x080005c8        0x4 C:/ST/STM32CubeIDE_1.19.0/STM32CubeIDE/plugins/com.st.stm32cube.ide.mcu.externaltools.gnu-tools-for-stm32.13.3.rel1.win32_1.0.0.202411081344/tools/bin/../lib/gcc/arm-none-eabi/13.3.1/thumb/v7e-m+fp/hard\libgcc.a(_dvmd_tls.o)
                0x080005c8                __aeabi_idiv0
                0x080005c8                __aeabi_ldiv0
 *(.text*)
 .text.MX_X_CUBE_AI_Init
                0x080005cc       0x94 ./Core/Src/main.o
                0x080005cc                MX_X_CUBE_AI_Init
 .text.main     0x08000660       0x40 ./Core/Src/main.o
                0x08000660                main
 .text.SystemClock_Config
                0x080006a0       0xa2 ./Core/Src/main.o
                0x080006a0                SystemClock_Config
 *fill*         0x08000742        0x2 
 .text.MX_I2C2_Init
                0x08000744       0x80 ./Core/Src/main.o
 .text.MX_USART1_UART_Init
                0x080007c4       0x98 ./Core/Src/main.o
 .text.MX_GPIO_Init
                0x0800085c       0x30 ./Core/Src/main.o
 .text._write   0x0800088c       0x2c ./Core/Src/main.o
                0x0800088c                _write
 .text.AI_Run   0x080008b8       0x80 ./Core/Src/main.o
                0x080008b8                AI_Run
 .text.Error_Handler
                0x08000938        0xc ./Core/Src/main.o
                0x08000938                Error_Handler
 .text.HAL_MspInit
                0x08000944       0x48 ./Core/Src/stm32l4xx_hal_msp.o
                0x08000944                HAL_MspInit
 .text.HAL_I2C_MspInit
                0x0800098c       0xbc ./Core/Src/stm32l4xx_hal_msp.o
                0x0800098c                HAL_I2C_MspInit
 .text.HAL_UART_MspInit
                0x08000a48       0xbc ./Core/Src/stm32l4xx_hal_msp.o
                0x08000a48                HAL_UART_MspInit
 .text.NMI_Handler
                0x08000b04        0x8 ./Core/Src/stm32l4xx_it.o
                0x08000b04                NMI_Handler
 .text.HardFault_Handler
                0x08000b0c        0x8 ./Core/Src/stm32l4xx_it.o
                0x08000b0c                HardFault_Handler
 .text.MemManage_Handler
                0x08000b14        0x8 ./Core/Src/stm32l4xx_it.o
                0x08000b14                MemManage_Handler
 .text.BusFault_Handler
                0x08000b1c        0x8 ./Core/Src/stm32l4xx_it.o
                0x08000b1c                BusFault_Handler
 .text.UsageFault_Handler
                0x08000b24        0x8 ./Core/Src/stm32l4xx_it.o
                0x08000b24                UsageFault_Handler
 .text.SVC_Handler
                0x08000b2c        0xe ./Core/Src/stm32l4xx_it.o
                0x08000b2c                SVC_Handler
 .text.DebugMon_Handler
                0x08000b3a        0xe ./Core/Src/stm32l4xx_it.o
                0x08000b3a                DebugMon_Handler
 .text.PendSV_Handler
                0x08000b48        0xe ./Core/Src/stm32l4xx_it.o
                0x08000b48                PendSV_Handler
 .text.SysTick_Handler
                0x08000b56        0xc ./Core/Src/stm32l4xx_it.o
                0x08000b56                SysTick_Handler
 .text._read    0x08000b62       0x3a ./Core/Src/syscalls.o
                0x08000b62                _read
 .text._close   0x08000b9c       0x18 ./Core/Src/syscalls.o
                0x08000b9c                _close
 .text._fstat   0x08000bb4       0x20 ./Core/Src/syscalls.o
                0x08000bb4                _fstat
 .text._isatty  0x08000bd4       0x16 ./Core/Src/syscalls.o
                0x08000bd4                _isatty
 .text._lseek   0x08000bea       0x1a ./Core/Src/syscalls.o
                0x08000bea                _lseek
 .text._sbrk    0x08000c04       0x6c ./Core/Src/sysmem.o
                0x08000c04                _sbrk
 .text.SystemInit
                0x08000c70       0x24 ./Core/Src/system_stm32l4xx.o
                0x08000c70                SystemInit
 .text.Reset_Handler
                0x08000c94       0x50 ./Core/Startup/startup_stm32l4s5vitx.o
                0x08000c94                Reset_Handler
 .text.Default_Handler
                0x08000ce4        0x2 ./Core/Startup/startup_stm32l4s5vitx.o
                0x08000ce4                RTC_Alarm_IRQHandler
                0x08000ce4                EXTI2_IRQHandler
                0x08000ce4                TIM8_TRG_COM_IRQHandler
                0x08000ce4                TIM8_CC_IRQHandler
                0x08000ce4                TIM1_CC_IRQHandler
                0x08000ce4                TSC_IRQHandler
                0x08000ce4                TAMP_STAMP_IRQHandler
                0x08000ce4                EXTI3_IRQHandler
                0x08000ce4                LPTIM2_IRQHandler
                0x08000ce4                DFSDM1_FLT1_IRQHandler
                0x08000ce4                GFXMMU_IRQHandler
                0x08000ce4                I2C3_ER_IRQHandler
                0x08000ce4                DFSDM1_FLT2_IRQHandler
                0x08000ce4                EXTI0_IRQHandler
                0x08000ce4                I2C2_EV_IRQHandler
                0x08000ce4                CAN1_RX0_IRQHandler
                0x08000ce4                FPU_IRQHandler
                0x08000ce4                TIM1_UP_TIM16_IRQHandler
                0x08000ce4                LTDC_ER_IRQHandler
                0x08000ce4                SPI1_IRQHandler
                0x08000ce4                OCTOSPI1_IRQHandler
                0x08000ce4                TIM6_DAC_IRQHandler
                0x08000ce4                DCMI_IRQHandler
                0x08000ce4                TIM8_UP_IRQHandler
                0x08000ce4                OCTOSPI2_IRQHandler
                0x08000ce4                DMA2_Channel2_IRQHandler
                0x08000ce4                DMA1_Channel4_IRQHandler
                0x08000ce4                SAI2_IRQHandler
                0x08000ce4                ADC1_IRQHandler
                0x08000ce4                DFSDM1_FLT3_IRQHandler
                0x08000ce4                USART3_IRQHandler
                0x08000ce4                DMA1_Channel7_IRQHandler
                0x08000ce4                CAN1_RX1_IRQHandler
                0x08000ce4                UART5_IRQHandler
                0x08000ce4                TIM4_IRQHandler
                0x08000ce4                DMA2_Channel1_IRQHandler
                0x08000ce4                I2C1_EV_IRQHandler
                0x08000ce4                DMAMUX1_OVR_IRQHandler
                0x08000ce4                DMA1_Channel6_IRQHandler
                0x08000ce4                UART4_IRQHandler
                0x08000ce4                DMA2_Channel4_IRQHandler
                0x08000ce4                TIM3_IRQHandler
                0x08000ce4                RCC_IRQHandler
                0x08000ce4                DMA1_Channel1_IRQHandler
                0x08000ce4                Default_Handler
                0x08000ce4                DMA2_Channel7_IRQHandler
                0x08000ce4                EXTI15_10_IRQHandler
                0x08000ce4                TIM7_IRQHandler
                0x08000ce4                SDMMC1_IRQHandler
                0x08000ce4                TIM5_IRQHandler
                0x08000ce4                I2C3_EV_IRQHandler
                0x08000ce4                EXTI9_5_IRQHandler
                0x08000ce4                RTC_WKUP_IRQHandler
                0x08000ce4                LTDC_IRQHandler
                0x08000ce4                PVD_PVM_IRQHandler
                0x08000ce4                SPI2_IRQHandler
                0x08000ce4                CAN1_TX_IRQHandler
                0x08000ce4                DMA2_Channel5_IRQHandler
                0x08000ce4                DMA1_Channel5_IRQHandler
                0x08000ce4                EXTI4_IRQHandler
                0x08000ce4                RNG_IRQHandler
                0x08000ce4                TIM1_TRG_COM_TIM17_IRQHandler
                0x08000ce4                DMA1_Channel3_IRQHandler
                0x08000ce4                COMP_IRQHandler
                0x08000ce4                HASH_CRS_IRQHandler
                0x08000ce4                WWDG_IRQHandler
                0x08000ce4                I2C4_EV_IRQHandler
                0x08000ce4                LPUART1_IRQHandler
                0x08000ce4                DMA2_Channel6_IRQHandler
                0x08000ce4                TIM2_IRQHandler
                0x08000ce4                DMA2D_IRQHandler
                0x08000ce4                EXTI1_IRQHandler
                0x08000ce4                AES_IRQHandler
                0x08000ce4                USART2_IRQHandler
                0x08000ce4                DFSDM1_FLT0_IRQHandler
                0x08000ce4                I2C2_ER_IRQHandler
                0x08000ce4                DMA1_Channel2_IRQHandler
                0x08000ce4                TIM8_BRK_IRQHandler
                0x08000ce4                CAN1_SCE_IRQHandler
                0x08000ce4                FLASH_IRQHandler
                0x08000ce4                USART1_IRQHandler
                0x08000ce4                OTG_FS_IRQHandler
                0x08000ce4                SPI3_IRQHandler
                0x08000ce4                I2C1_ER_IRQHandler
                0x08000ce4                FMC_IRQHandler
                0x08000ce4                LPTIM1_IRQHandler
                0x08000ce4                I2C4_ER_IRQHandler
                0x08000ce4                SAI1_IRQHandler
                0x08000ce4                DMA2_Channel3_IRQHandler
                0x08000ce4                TIM1_BRK_TIM15_IRQHandler
 .text.HAL_Init
                0x08000ce6       0x30 ./Drivers/STM32L4xx_HAL_Driver/Src/stm32l4xx_hal.o
                0x08000ce6                HAL_Init
 *fill*         0x08000d16        0x2 
 .text.HAL_InitTick
                0x08000d18       0x78 ./Drivers/STM32L4xx_HAL_Driver/Src/stm32l4xx_hal.o
                0x08000d18                HAL_InitTick
 .text.HAL_IncTick
                0x08000d90       0x28 ./Drivers/STM32L4xx_HAL_Driver/Src/stm32l4xx_hal.o
                0x08000d90                HAL_IncTick
 .text.HAL_GetTick
                0x08000db8       0x18 ./Drivers/STM32L4xx_HAL_Driver/Src/stm32l4xx_hal.o
                0x08000db8                HAL_GetTick
 .text.HAL_Delay
                0x08000dd0       0x48 ./Drivers/STM32L4xx_HAL_Driver/Src/stm32l4xx_hal.o
                0x08000dd0                HAL_Delay
 .text.__NVIC_SetPriorityGrouping
                0x08000e18       0x48 ./Drivers/STM32L4xx_HAL_Driver/Src/stm32l4xx_hal_cortex.o
 .text.__NVIC_GetPriorityGrouping
                0x08000e60       0x1c ./Drivers/STM32L4xx_HAL_Driver/Src/stm32l4xx_hal_cortex.o
 .text.__NVIC_SetPriority
                0x08000e7c       0x54 ./Drivers/STM32L4xx_HAL_Driver/Src/stm32l4xx_hal_cortex.o
 .text.NVIC_EncodePriority
                0x08000ed0       0x66 ./Drivers/STM32L4xx_HAL_Driver/Src/stm32l4xx_hal_cortex.o
 *fill*         0x08000f36        0x2 
 .text.SysTick_Config
                0x08000f38       0x44 ./Drivers/STM32L4xx_HAL_Driver/Src/stm32l4xx_hal_cortex.o
 .text.HAL_NVIC_SetPriorityGrouping
                0x08000f7c       0x16 ./Drivers/STM32L4xx_HAL_Driver/Src/stm32l4xx_hal_cortex.o
                0x08000f7c                HAL_NVIC_SetPriorityGrouping
 .text.HAL_NVIC_SetPriority
                0x08000f92       0x38 ./Drivers/STM32L4xx_HAL_Driver/Src/stm32l4xx_hal_cortex.o
                0x08000f92                HAL_NVIC_SetPriority
 .text.HAL_SYSTICK_Config
                0x08000fca       0x18 ./Drivers/STM32L4xx_HAL_Driver/Src/stm32l4xx_hal_cortex.o
                0x08000fca                HAL_SYSTICK_Config
 *fill*         0x08000fe2        0x2 
 .text.HAL_GPIO_Init
                0x08000fe4      0x324 ./Drivers/STM32L4xx_HAL_Driver/Src/stm32l4xx_hal_gpio.o
                0x08000fe4                HAL_GPIO_Init
 .text.HAL_I2C_Init
                0x08001308      0x136 ./Drivers/STM32L4xx_HAL_Driver/Src/stm32l4xx_hal_i2c.o
                0x08001308                HAL_I2C_Init
 .text.HAL_I2CEx_ConfigAnalogFilter
                0x0800143e       0x96 ./Drivers/STM32L4xx_HAL_Driver/Src/stm32l4xx_hal_i2c_ex.o
                0x0800143e                HAL_I2CEx_ConfigAnalogFilter
 .text.HAL_I2CEx_ConfigDigitalFilter
                0x080014d4       0x98 ./Drivers/STM32L4xx_HAL_Driver/Src/stm32l4xx_hal_i2c_ex.o
                0x080014d4                HAL_I2CEx_ConfigDigitalFilter
 .text.HAL_PWREx_GetVoltageRange
                0x0800156c       0x40 ./Drivers/STM32L4xx_HAL_Driver/Src/stm32l4xx_hal_pwr_ex.o
                0x0800156c                HAL_PWREx_GetVoltageRange
 .text.HAL_PWREx_ControlVoltageScaling
                0x080015ac      0x148 ./Drivers/STM32L4xx_HAL_Driver/Src/stm32l4xx_hal_pwr_ex.o
                0x080015ac                HAL_PWREx_ControlVoltageScaling
 .text.HAL_RCC_OscConfig
                0x080016f4      0x834 ./Drivers/STM32L4xx_HAL_Driver/Src/stm32l4xx_hal_rcc.o
                0x080016f4                HAL_RCC_OscConfig
 .text.HAL_RCC_ClockConfig
                0x08001f28      0x274 ./Drivers/STM32L4xx_HAL_Driver/Src/stm32l4xx_hal_rcc.o
                0x08001f28                HAL_RCC_ClockConfig
 .text.HAL_RCC_GetSysClockFreq
                0x0800219c      0x118 ./Drivers/STM32L4xx_HAL_Driver/Src/stm32l4xx_hal_rcc.o
                0x0800219c                HAL_RCC_GetSysClockFreq
 .text.HAL_RCC_GetHCLKFreq
                0x080022b4       0x18 ./Drivers/STM32L4xx_HAL_Driver/Src/stm32l4xx_hal_rcc.o
                0x080022b4                HAL_RCC_GetHCLKFreq
 .text.HAL_RCC_GetPCLK1Freq
                0x080022cc       0x2c ./Drivers/STM32L4xx_HAL_Driver/Src/stm32l4xx_hal_rcc.o
                0x080022cc                HAL_RCC_GetPCLK1Freq
 .text.HAL_RCC_GetPCLK2Freq
                0x080022f8       0x2c ./Drivers/STM32L4xx_HAL_Driver/Src/stm32l4xx_hal_rcc.o
                0x080022f8                HAL_RCC_GetPCLK2Freq
 .text.RCC_SetFlashLatencyFromMSIRange
                0x08002324       0xb4 ./Drivers/STM32L4xx_HAL_Driver/Src/stm32l4xx_hal_rcc.o
 .text.RCC_GetSysClockFreqFromPLLSource
                0x080023d8       0xcc ./Drivers/STM32L4xx_HAL_Driver/Src/stm32l4xx_hal_rcc.o
 .text.HAL_RCCEx_PeriphCLKConfig
                0x080024a4      0x660 ./Drivers/STM32L4xx_HAL_Driver/Src/stm32l4xx_hal_rcc_ex.o
                0x080024a4                HAL_RCCEx_PeriphCLKConfig
 .text.RCCEx_PLLSAI1_Config
                0x08002b04      0x1e8 ./Drivers/STM32L4xx_HAL_Driver/Src/stm32l4xx_hal_rcc_ex.o
 .text.RCCEx_PLLSAI2_Config
                0x08002cec      0x1e8 ./Drivers/STM32L4xx_HAL_Driver/Src/stm32l4xx_hal_rcc_ex.o
 .text.HAL_UART_Init
                0x08002ed4       0xa0 ./Drivers/STM32L4xx_HAL_Driver/Src/stm32l4xx_hal_uart.o
                0x08002ed4                HAL_UART_Init
 .text.HAL_UART_Transmit
                0x08002f74      0x132 ./Drivers/STM32L4xx_HAL_Driver/Src/stm32l4xx_hal_uart.o
                0x08002f74                HAL_UART_Transmit
 *fill*         0x080030a6        0x2 
 .text.UART_SetConfig
                0x080030a8      0x5f8 ./Drivers/STM32L4xx_HAL_Driver/Src/stm32l4xx_hal_uart.o
                0x080030a8                UART_SetConfig
 .text.UART_AdvFeatureConfig
                0x080036a0      0x144 ./Drivers/STM32L4xx_HAL_Driver/Src/stm32l4xx_hal_uart.o
                0x080036a0                UART_AdvFeatureConfig
 .text.UART_CheckIdleState
                0x080037e4      0x154 ./Drivers/STM32L4xx_HAL_Driver/Src/stm32l4xx_hal_uart.o
                0x080037e4                UART_CheckIdleState
 .text.UART_WaitOnFlagUntilTimeout
                0x08003938       0xda ./Drivers/STM32L4xx_HAL_Driver/Src/stm32l4xx_hal_uart.o
                0x08003938                UART_WaitOnFlagUntilTimeout
 .text.UART_EndRxTransfer
                0x08003a12       0xcc ./Drivers/STM32L4xx_HAL_Driver/Src/stm32l4xx_hal_uart.o
 .text.HAL_UARTEx_DisableFifoMode
                0x08003ade       0x72 ./Drivers/STM32L4xx_HAL_Driver/Src/stm32l4xx_hal_uart_ex.o
                0x08003ade                HAL_UARTEx_DisableFifoMode
 .text.HAL_UARTEx_SetTxFifoThreshold
                0x08003b50       0x7c ./Drivers/STM32L4xx_HAL_Driver/Src/stm32l4xx_hal_uart_ex.o
                0x08003b50                HAL_UARTEx_SetTxFifoThreshold
 .text.HAL_UARTEx_SetRxFifoThreshold
                0x08003bcc       0x7c ./Drivers/STM32L4xx_HAL_Driver/Src/stm32l4xx_hal_uart_ex.o
                0x08003bcc                HAL_UARTEx_SetRxFifoThreshold
 .text.UARTEx_SetNbDataToProcess
                0x08003c48       0x9c ./Drivers/STM32L4xx_HAL_Driver/Src/stm32l4xx_hal_uart_ex.o
 .text.network_configure_activations
                0x08003ce4       0x94 ./X-CUBE-AI/App/network.o
 .text.network_configure_weights
                0x08003d78      0x278 ./X-CUBE-AI/App/network.o
 .text.ai_network_get_error
                0x08003ff0       0x18 ./X-CUBE-AI/App/network.o
                0x08003ff0                ai_network_get_error
 .text.ai_network_create
                0x08004008       0x2c ./X-CUBE-AI/App/network.o
                0x08004008                ai_network_create
 .text.ai_network_create_and_init
                0x08004034       0xfc ./X-CUBE-AI/App/network.o
                0x08004034                ai_network_create_and_init
 .text.ai_network_inputs_get
                0x08004130       0x34 ./X-CUBE-AI/App/network.o
                0x08004130                ai_network_inputs_get
 .text.ai_network_outputs_get
                0x08004164       0x34 ./X-CUBE-AI/App/network.o
                0x08004164                ai_network_outputs_get
 .text.ai_network_init
                0x08004198       0x78 ./X-CUBE-AI/App/network.o
                0x08004198                ai_network_init
 .text.ai_network_run
                0x08004210       0x20 ./X-CUBE-AI/App/network.o
                0x08004210                ai_network_run
 .text.ai_network_data_params_get
                0x08004230       0x50 ./X-CUBE-AI/App/network_data.o
                0x08004230                ai_network_data_params_get
 .text.ai_buffer_get_size
                0x08004280       0x64 ../Middlewares/ST/AI/Lib\NetworkRuntime1020_CM4_GCC.a(ai_platform.o)
                0x08004280                ai_buffer_get_size
 .text.ai_buffer_array_sane
                0x080042e4       0x14 ../Middlewares/ST/AI/Lib\NetworkRuntime1020_CM4_GCC.a(ai_platform.o)
                0x080042e4                ai_buffer_array_sane
 .text.ai_buffer_array_item_set_address
                0x080042f8       0x1c ../Middlewares/ST/AI/Lib\NetworkRuntime1020_CM4_GCC.a(ai_platform.o)
                0x080042f8                ai_buffer_array_item_set_address
 .text.ai_platform_get_weights_map
                0x08004314       0xa4 ../Middlewares/ST/AI/Lib\NetworkRuntime1020_CM4_GCC.a(ai_platform_interface.o)
                0x08004314                ai_platform_get_weights_map
 .text.ai_platform_get_activations_map
                0x080043b8       0xa8 ../Middlewares/ST/AI/Lib\NetworkRuntime1020_CM4_GCC.a(ai_platform_interface.o)
                0x080043b8                ai_platform_get_activations_map
 .text.ai_platform_bind_network_params
                0x08004460       0x44 ../Middlewares/ST/AI/Lib\NetworkRuntime1020_CM4_GCC.a(ai_platform_interface.o)
                0x08004460                ai_platform_bind_network_params
 .text.ai_platform_network_get_error
                0x080044a4       0x18 ../Middlewares/ST/AI/Lib\NetworkRuntime1020_CM4_GCC.a(ai_platform_interface.o)
                0x080044a4                ai_platform_network_get_error
 .text.ai_platform_network_set_error
                0x080044bc        0xc ../Middlewares/ST/AI/Lib\NetworkRuntime1020_CM4_GCC.a(ai_platform_interface.o)
                0x080044bc                ai_platform_network_set_error
 .text.ai_platform_inputs_get
                0x080044c8       0xec ../Middlewares/ST/AI/Lib\NetworkRuntime1020_CM4_GCC.a(ai_platform_interface.o)
                0x080044c8                ai_platform_inputs_get
 .text.ai_platform_outputs_get
                0x080045b4       0xe4 ../Middlewares/ST/AI/Lib\NetworkRuntime1020_CM4_GCC.a(ai_platform_interface.o)
                0x080045b4                ai_platform_outputs_get
 .text.ai_platform_network_create
                0x08004698       0x84 ../Middlewares/ST/AI/Lib\NetworkRuntime1020_CM4_GCC.a(ai_platform_interface.o)
                0x08004698                ai_platform_network_create
 .text.ai_platform_network_init
                0x0800471c      0x130 ../Middlewares/ST/AI/Lib\NetworkRuntime1020_CM4_GCC.a(ai_platform_interface.o)
                0x0800471c                ai_platform_network_init
 .text.ai_platform_network_post_init
                0x0800484c       0x5c ../Middlewares/ST/AI/Lib\NetworkRuntime1020_CM4_GCC.a(ai_platform_interface.o)
                0x0800484c                ai_platform_network_post_init
 .text.ai_platform_network_process
                0x080048a8      0x438 ../Middlewares/ST/AI/Lib\NetworkRuntime1020_CM4_GCC.a(ai_platform_interface.o)
                0x080048a8                ai_platform_network_process
 .text.core_init
                0x08004ce0        0x4 ../Middlewares/ST/AI/Lib\NetworkRuntime1020_CM4_GCC.a(core_common.o)
                0x08004ce0                core_init
 .text.core_get_error
                0x08004ce4        0xc ../Middlewares/ST/AI/Lib\NetworkRuntime1020_CM4_GCC.a(core_common.o)
                0x08004ce4                core_get_error
 .text.core_set_error
                0x08004cf0       0x18 ../Middlewares/ST/AI/Lib\NetworkRuntime1020_CM4_GCC.a(core_common.o)
                0x08004cf0                core_set_error
 .text.ai_check_custom_types
                0x08004d08       0x54 ../Middlewares/ST/AI/Lib\NetworkRuntime1020_CM4_GCC.a(layers.o)
                0x08004d08                ai_check_custom_types
 .text.ai_layers_init_all
                0x08004d5c       0x20 ../Middlewares/ST/AI/Lib\NetworkRuntime1020_CM4_GCC.a(layers.o)
                0x08004d5c                ai_layers_init_all
 .text.ai_layers_post_init_all
                0x08004d7c       0x3c ../Middlewares/ST/AI/Lib\NetworkRuntime1020_CM4_GCC.a(layers.o)
                0x08004d7c                ai_layers_post_init_all
 .text.ai_layers_forward_all
                0x08004db8       0x90 ../Middlewares/ST/AI/Lib\NetworkRuntime1020_CM4_GCC.a(layers.o)
                0x08004db8                ai_layers_forward_all
 .text.forward_zipmap
                0x08004e48      0x1ec ../Middlewares/ST/AI/Lib\NetworkRuntime1020_CM4_GCC.a(layers_ml_generic_float.o)
                0x08004e48                forward_zipmap
 .text.func_dummy
                0x08005034        0x4 ../Middlewares/ST/AI/Lib\NetworkRuntime1020_CM4_GCC.a(layers_ml_treeensembleclassifier_float.o)
 .text.decodeEstimator_LEQ_8Bits
                0x08005038       0xec ../Middlewares/ST/AI/Lib\NetworkRuntime1020_CM4_GCC.a(layers_ml_treeensembleclassifier_float.o)
                0x08005038                decodeEstimator_LEQ_8Bits
 .text.tree_ensemble_classifier_decoder
                0x08005124      0x30c ../Middlewares/ST/AI/Lib\NetworkRuntime1020_CM4_GCC.a(layers_ml_treeensembleclassifier_float.o)
                0x08005124                tree_ensemble_classifier_decoder
 .text.forward_tree_ensemble_classifier
                0x08005430      0x158 ../Middlewares/ST/AI/Lib\NetworkRuntime1020_CM4_GCC.a(layers_ml_treeensembleclassifier_float.o)
                0x08005430                forward_tree_ensemble_classifier
 .text.st_int8_copy
                0x08005588      0x13c ../Middlewares/ST/AI/Lib\NetworkRuntime1020_CM4_GCC.a(st_int8_fill.o)
                0x08005588                st_int8_copy
 .text.ai_array_to_buffer_fmt
                0x080056c4       0xe0 ../Middlewares/ST/AI/Lib\NetworkRuntime1020_CM4_GCC.a(ai_datatypes_format.o)
                0x080056c4                ai_array_to_buffer_fmt
 .text.ai_array_get_data_byte_size
                0x080057a4       0x24 ../Middlewares/ST/AI/Lib\NetworkRuntime1020_CM4_GCC.a(ai_datatypes_format.o)
                0x080057a4                ai_array_get_data_byte_size
 .text.ai_version_get
                0x080057c8        0xc ../Middlewares/ST/AI/Lib\NetworkRuntime1020_CM4_GCC.a(ai_datatypes_internal.o)
                0x080057c8                ai_version_get
 .text.get_tensor_byte_size
                0x080057d4       0x30 ../Middlewares/ST/AI/Lib\NetworkRuntime1020_CM4_GCC.a(ai_datatypes_internal.o)
                0x080057d4                get_tensor_byte_size
 .text.sbrk_aligned
                0x08005804       0x44 C:/ST/STM32CubeIDE_1.19.0/STM32CubeIDE/plugins/com.st.stm32cube.ide.mcu.externaltools.gnu-tools-for-stm32.13.3.rel1.win32_1.0.0.202411081344/tools/bin/../lib/gcc/arm-none-eabi/13.3.1/../../../../arm-none-eabi/lib/thumb/v7e-m+fp/hard\libc_nano.a(libc_a-mallocr.o)
 .text._malloc_r
                0x08005848      0x100 C:/ST/STM32CubeIDE_1.19.0/STM32CubeIDE/plugins/com.st.stm32cube.ide.mcu.externaltools.gnu-tools-for-stm32.13.3.rel1.win32_1.0.0.202411081344/tools/bin/../lib/gcc/arm-none-eabi/13.3.1/../../../../arm-none-eabi/lib/thumb/v7e-m+fp/hard\libc_nano.a(libc_a-mallocr.o)
                0x08005848                _malloc_r
 .text.__malloc_lock
                0x08005948        0xc C:/ST/STM32CubeIDE_1.19.0/STM32CubeIDE/plugins/com.st.stm32cube.ide.mcu.externaltools.gnu-tools-for-stm32.13.3.rel1.win32_1.0.0.202411081344/tools/bin/../lib/gcc/arm-none-eabi/13.3.1/../../../../arm-none-eabi/lib/thumb/v7e-m+fp/hard\libc_nano.a(libc_a-mlock.o)
                0x08005948                __malloc_lock
 .text.__malloc_unlock
                0x08005954        0xc C:/ST/STM32CubeIDE_1.19.0/STM32CubeIDE/plugins/com.st.stm32cube.ide.mcu.externaltools.gnu-tools-for-stm32.13.3.rel1.win32_1.0.0.202411081344/tools/bin/../lib/gcc/arm-none-eabi/13.3.1/../../../../arm-none-eabi/lib/thumb/v7e-m+fp/hard\libc_nano.a(libc_a-mlock.o)
                0x08005954                __malloc_unlock
 .text.std      0x08005960       0x6c C:/ST/STM32CubeIDE_1.19.0/STM32CubeIDE/plugins/com.st.stm32cube.ide.mcu.externaltools.gnu-tools-for-stm32.13.3.rel1.win32_1.0.0.202411081344/tools/bin/../lib/gcc/arm-none-eabi/13.3.1/../../../../arm-none-eabi/lib/thumb/v7e-m+fp/hard\libc_nano.a(libc_a-findfp.o)
 .text.stdio_exit_handler
                0x080059cc       0x18 C:/ST/STM32CubeIDE_1.19.0/STM32CubeIDE/plugins/com.st.stm32cube.ide.mcu.externaltools.gnu-tools-for-stm32.13.3.rel1.win32_1.0.0.202411081344/tools/bin/../lib/gcc/arm-none-eabi/13.3.1/../../../../arm-none-eabi/lib/thumb/v7e-m+fp/hard\libc_nano.a(libc_a-findfp.o)
 .text.cleanup_stdio
                0x080059e4       0x40 C:/ST/STM32CubeIDE_1.19.0/STM32CubeIDE/plugins/com.st.stm32cube.ide.mcu.externaltools.gnu-tools-for-stm32.13.3.rel1.win32_1.0.0.202411081344/tools/bin/../lib/gcc/arm-none-eabi/13.3.1/../../../../arm-none-eabi/lib/thumb/v7e-m+fp/hard\libc_nano.a(libc_a-findfp.o)
 .text.global_stdio_init.part.0
                0x08005a24       0x3c C:/ST/STM32CubeIDE_1.19.0/STM32CubeIDE/plugins/com.st.stm32cube.ide.mcu.externaltools.gnu-tools-for-stm32.13.3.rel1.win32_1.0.0.202411081344/tools/bin/../lib/gcc/arm-none-eabi/13.3.1/../../../../arm-none-eabi/lib/thumb/v7e-m+fp/hard\libc_nano.a(libc_a-findfp.o)
 .text.__sfp_lock_acquire
                0x08005a60        0xc C:/ST/STM32CubeIDE_1.19.0/STM32CubeIDE/plugins/com.st.stm32cube.ide.mcu.externaltools.gnu-tools-for-stm32.13.3.rel1.win32_1.0.0.202411081344/tools/bin/../lib/gcc/arm-none-eabi/13.3.1/../../../../arm-none-eabi/lib/thumb/v7e-m+fp/hard\libc_nano.a(libc_a-findfp.o)
                0x08005a60                __sfp_lock_acquire
 .text.__sfp_lock_release
                0x08005a6c        0xc C:/ST/STM32CubeIDE_1.19.0/STM32CubeIDE/plugins/com.st.stm32cube.ide.mcu.externaltools.gnu-tools-for-stm32.13.3.rel1.win32_1.0.0.202411081344/tools/bin/../lib/gcc/arm-none-eabi/13.3.1/../../../../arm-none-eabi/lib/thumb/v7e-m+fp/hard\libc_nano.a(libc_a-findfp.o)
                0x08005a6c                __sfp_lock_release
 .text.__sinit  0x08005a78       0x30 C:/ST/STM32CubeIDE_1.19.0/STM32CubeIDE/plugins/com.st.stm32cube.ide.mcu.externaltools.gnu-tools-for-stm32.13.3.rel1.win32_1.0.0.202411081344/tools/bin/../lib/gcc/arm-none-eabi/13.3.1/../../../../arm-none-eabi/lib/thumb/v7e-m+fp/hard\libc_nano.a(libc_a-findfp.o)
                0x08005a78                __sinit
 .text._fwalk_sglue
                0x08005aa8       0x3c C:/ST/STM32CubeIDE_1.19.0/STM32CubeIDE/plugins/com.st.stm32cube.ide.mcu.externaltools.gnu-tools-for-stm32.13.3.rel1.win32_1.0.0.202411081344/tools/bin/../lib/gcc/arm-none-eabi/13.3.1/../../../../arm-none-eabi/lib/thumb/v7e-m+fp/hard\libc_nano.a(libc_a-fwalk.o)
                0x08005aa8                _fwalk_sglue
 .text.printf   0x08005ae4       0x24 C:/ST/STM32CubeIDE_1.19.0/STM32CubeIDE/plugins/com.st.stm32cube.ide.mcu.externaltools.gnu-tools-for-stm32.13.3.rel1.win32_1.0.0.202411081344/tools/bin/../lib/gcc/arm-none-eabi/13.3.1/../../../../arm-none-eabi/lib/thumb/v7e-m+fp/hard\libc_nano.a(libc_a-printf.o)
                0x08005ae4                iprintf
                0x08005ae4                printf
 .text._puts_r  0x08005b08       0xaa C:/ST/STM32CubeIDE_1.19.0/STM32CubeIDE/plugins/com.st.stm32cube.ide.mcu.externaltools.gnu-tools-for-stm32.13.3.rel1.win32_1.0.0.202411081344/tools/bin/../lib/gcc/arm-none-eabi/13.3.1/../../../../arm-none-eabi/lib/thumb/v7e-m+fp/hard\libc_nano.a(libc_a-puts.o)
                0x08005b08                _puts_r
 *fill*         0x08005bb2        0x2 
 .text.puts     0x08005bb4       0x10 C:/ST/STM32CubeIDE_1.19.0/STM32CubeIDE/plugins/com.st.stm32cube.ide.mcu.externaltools.gnu-tools-for-stm32.13.3.rel1.win32_1.0.0.202411081344/tools/bin/../lib/gcc/arm-none-eabi/13.3.1/../../../../arm-none-eabi/lib/thumb/v7e-m+fp/hard\libc_nano.a(libc_a-puts.o)
                0x08005bb4                puts
 .text.__sread  0x08005bc4       0x22 C:/ST/STM32CubeIDE_1.19.0/STM32CubeIDE/plugins/com.st.stm32cube.ide.mcu.externaltools.gnu-tools-for-stm32.13.3.rel1.win32_1.0.0.202411081344/tools/bin/../lib/gcc/arm-none-eabi/13.3.1/../../../../arm-none-eabi/lib/thumb/v7e-m+fp/hard\libc_nano.a(libc_a-stdio.o)
                0x08005bc4                __sread
 .text.__swrite
                0x08005be6       0x38 C:/ST/STM32CubeIDE_1.19.0/STM32CubeIDE/plugins/com.st.stm32cube.ide.mcu.externaltools.gnu-tools-for-stm32.13.3.rel1.win32_1.0.0.202411081344/tools/bin/../lib/gcc/arm-none-eabi/13.3.1/../../../../arm-none-eabi/lib/thumb/v7e-m+fp/hard\libc_nano.a(libc_a-stdio.o)
                0x08005be6                __swrite
 .text.__sseek  0x08005c1e       0x24 C:/ST/STM32CubeIDE_1.19.0/STM32CubeIDE/plugins/com.st.stm32cube.ide.mcu.externaltools.gnu-tools-for-stm32.13.3.rel1.win32_1.0.0.202411081344/tools/bin/../lib/gcc/arm-none-eabi/13.3.1/../../../../arm-none-eabi/lib/thumb/v7e-m+fp/hard\libc_nano.a(libc_a-stdio.o)
                0x08005c1e                __sseek
 .text.__sclose
                0x08005c42        0x8 C:/ST/STM32CubeIDE_1.19.0/STM32CubeIDE/plugins/com.st.stm32cube.ide.mcu.externaltools.gnu-tools-for-stm32.13.3.rel1.win32_1.0.0.202411081344/tools/bin/../lib/gcc/arm-none-eabi/13.3.1/../../../../arm-none-eabi/lib/thumb/v7e-m+fp/hard\libc_nano.a(libc_a-stdio.o)
                0x08005c42                __sclose
 .text.__swbuf_r
                0x08005c4a       0x7c C:/ST/STM32CubeIDE_1.19.0/STM32CubeIDE/plugins/com.st.stm32cube.ide.mcu.externaltools.gnu-tools-for-stm32.13.3.rel1.win32_1.0.0.202411081344/tools/bin/../lib/gcc/arm-none-eabi/13.3.1/../../../../arm-none-eabi/lib/thumb/v7e-m+fp/hard\libc_nano.a(libc_a-wbuf.o)
                0x08005c4a                __swbuf_r
 *fill*         0x08005cc6        0x2 
 .text.__swsetup_r
                0x08005cc8       0xac C:/ST/STM32CubeIDE_1.19.0/STM32CubeIDE/plugins/com.st.stm32cube.ide.mcu.externaltools.gnu-tools-for-stm32.13.3.rel1.win32_1.0.0.202411081344/tools/bin/../lib/gcc/arm-none-eabi/13.3.1/../../../../arm-none-eabi/lib/thumb/v7e-m+fp/hard\libc_nano.a(libc_a-wsetup.o)
                0x08005cc8                __swsetup_r
 .text.memset   0x08005d74       0x10 C:/ST/STM32CubeIDE_1.19.0/STM32CubeIDE/plugins/com.st.stm32cube.ide.mcu.externaltools.gnu-tools-for-stm32.13.3.rel1.win32_1.0.0.202411081344/tools/bin/../lib/gcc/arm-none-eabi/13.3.1/../../../../arm-none-eabi/lib/thumb/v7e-m+fp/hard\libc_nano.a(libc_a-memset.o)
                0x08005d74                memset
 .text._close_r
                0x08005d84       0x20 C:/ST/STM32CubeIDE_1.19.0/STM32CubeIDE/plugins/com.st.stm32cube.ide.mcu.externaltools.gnu-tools-for-stm32.13.3.rel1.win32_1.0.0.202411081344/tools/bin/../lib/gcc/arm-none-eabi/13.3.1/../../../../arm-none-eabi/lib/thumb/v7e-m+fp/hard\libc_nano.a(libc_a-closer.o)
                0x08005d84                _close_r
 .text._lseek_r
                0x08005da4       0x24 C:/ST/STM32CubeIDE_1.19.0/STM32CubeIDE/plugins/com.st.stm32cube.ide.mcu.externaltools.gnu-tools-for-stm32.13.3.rel1.win32_1.0.0.202411081344/tools/bin/../lib/gcc/arm-none-eabi/13.3.1/../../../../arm-none-eabi/lib/thumb/v7e-m+fp/hard\libc_nano.a(libc_a-lseekr.o)
                0x08005da4                _lseek_r
 .text._read_r  0x08005dc8       0x24 C:/ST/STM32CubeIDE_1.19.0/STM32CubeIDE/plugins/com.st.stm32cube.ide.mcu.externaltools.gnu-tools-for-stm32.13.3.rel1.win32_1.0.0.202411081344/tools/bin/../lib/gcc/arm-none-eabi/13.3.1/../../../../arm-none-eabi/lib/thumb/v7e-m+fp/hard\libc_nano.a(libc_a-readr.o)
                0x08005dc8                _read_r
 .text._sbrk_r  0x08005dec       0x20 C:/ST/STM32CubeIDE_1.19.0/STM32CubeIDE/plugins/com.st.stm32cube.ide.mcu.externaltools.gnu-tools-for-stm32.13.3.rel1.win32_1.0.0.202411081344/tools/bin/../lib/gcc/arm-none-eabi/13.3.1/../../../../arm-none-eabi/lib/thumb/v7e-m+fp/hard\libc_nano.a(libc_a-sbrkr.o)
                0x08005dec                _sbrk_r
 .text._write_r
                0x08005e0c       0x24 C:/ST/STM32CubeIDE_1.19.0/STM32CubeIDE/plugins/com.st.stm32cube.ide.mcu.externaltools.gnu-tools-for-stm32.13.3.rel1.win32_1.0.0.202411081344/tools/bin/../lib/gcc/arm-none-eabi/13.3.1/../../../../arm-none-eabi/lib/thumb/v7e-m+fp/hard\libc_nano.a(libc_a-writer.o)
                0x08005e0c                _write_r
 .text.__errno  0x08005e30        0xc C:/ST/STM32CubeIDE_1.19.0/STM32CubeIDE/plugins/com.st.stm32cube.ide.mcu.externaltools.gnu-tools-for-stm32.13.3.rel1.win32_1.0.0.202411081344/tools/bin/../lib/gcc/arm-none-eabi/13.3.1/../../../../arm-none-eabi/lib/thumb/v7e-m+fp/hard\libc_nano.a(libc_a-errno.o)
                0x08005e30                __errno
 .text.__libc_init_array
                0x08005e3c       0x48 C:/ST/STM32CubeIDE_1.19.0/STM32CubeIDE/plugins/com.st.stm32cube.ide.mcu.externaltools.gnu-tools-for-stm32.13.3.rel1.win32_1.0.0.202411081344/tools/bin/../lib/gcc/arm-none-eabi/13.3.1/../../../../arm-none-eabi/lib/thumb/v7e-m+fp/hard\libc_nano.a(libc_a-init.o)
                0x08005e3c                __libc_init_array
 .text.__retarget_lock_init_recursive
                0x08005e84        0x2 C:/ST/STM32CubeIDE_1.19.0/STM32CubeIDE/plugins/com.st.stm32cube.ide.mcu.externaltools.gnu-tools-for-stm32.13.3.rel1.win32_1.0.0.202411081344/tools/bin/../lib/gcc/arm-none-eabi/13.3.1/../../../../arm-none-eabi/lib/thumb/v7e-m+fp/hard\libc_nano.a(libc_a-lock.o)
                0x08005e84                __retarget_lock_init_recursive
 .text.__retarget_lock_acquire_recursive
                0x08005e86        0x2 C:/ST/STM32CubeIDE_1.19.0/STM32CubeIDE/plugins/com.st.stm32cube.ide.mcu.externaltools.gnu-tools-for-stm32.13.3.rel1.win32_1.0.0.202411081344/tools/bin/../lib/gcc/arm-none-eabi/13.3.1/../../../../arm-none-eabi/lib/thumb/v7e-m+fp/hard\libc_nano.a(libc_a-lock.o)
                0x08005e86                __retarget_lock_acquire_recursive
 .text.__retarget_lock_release_recursive
                0x08005e88        0x2 C:/ST/STM32CubeIDE_1.19.0/STM32CubeIDE/plugins/com.st.stm32cube.ide.mcu.externaltools.gnu-tools-for-stm32.13.3.rel1.win32_1.0.0.202411081344/tools/bin/../lib/gcc/arm-none-eabi/13.3.1/../../../../arm-none-eabi/lib/thumb/v7e-m+fp/hard\libc_nano.a(libc_a-lock.o)
                0x08005e88                __retarget_lock_release_recursive
 *fill*         0x08005e8a        0x2 
 .text._free_r  0x08005e8c       0x94 C:/ST/STM32CubeIDE_1.19.0/STM32CubeIDE/plugins/com.st.stm32cube.ide.mcu.externaltools.gnu-tools-for-stm32.13.3.rel1.win32_1.0.0.202411081344/tools/bin/../lib/gcc/arm-none-eabi/13.3.1/../../../../arm-none-eabi/lib/thumb/v7e-m+fp/hard\libc_nano.a(libc_a-freer.o)
                0x08005e8c                _free_r
 .text.__sfputc_r
                0x08005f20       0x2e C:/ST/STM32CubeIDE_1.19.0/STM32CubeIDE/plugins/com.st.stm32cube.ide.mcu.externaltools.gnu-tools-for-stm32.13.3.rel1.win32_1.0.0.202411081344/tools/bin/../lib/gcc/arm-none-eabi/13.3.1/../../../../arm-none-eabi/lib/thumb/v7e-m+fp/hard\libc_nano.a(libc_a-nano-vfprintf.o)
 .text.__sfputs_r
                0x08005f4e       0x24 C:/ST/STM32CubeIDE_1.19.0/STM32CubeIDE/plugins/com.st.stm32cube.ide.mcu.externaltools.gnu-tools-for-stm32.13.3.rel1.win32_1.0.0.202411081344/tools/bin/../lib/gcc/arm-none-eabi/13.3.1/../../../../arm-none-eabi/lib/thumb/v7e-m+fp/hard\libc_nano.a(libc_a-nano-vfprintf.o)
                0x08005f4e                __sfputs_r
 *fill*         0x08005f72        0x2 
 .text._vfprintf_r
                0x08005f74      0x230 C:/ST/STM32CubeIDE_1.19.0/STM32CubeIDE/plugins/com.st.stm32cube.ide.mcu.externaltools.gnu-tools-for-stm32.13.3.rel1.win32_1.0.0.202411081344/tools/bin/../lib/gcc/arm-none-eabi/13.3.1/../../../../arm-none-eabi/lib/thumb/v7e-m+fp/hard\libc_nano.a(libc_a-nano-vfprintf.o)
                0x08005f74                _vfprintf_r
                0x08005f74                _vfiprintf_r
 .text._printf_common
                0x080061a4       0xda C:/ST/STM32CubeIDE_1.19.0/STM32CubeIDE/plugins/com.st.stm32cube.ide.mcu.externaltools.gnu-tools-for-stm32.13.3.rel1.win32_1.0.0.202411081344/tools/bin/../lib/gcc/arm-none-eabi/13.3.1/../../../../arm-none-eabi/lib/thumb/v7e-m+fp/hard\libc_nano.a(libc_a-nano-vfprintf_i.o)
                0x080061a4                _printf_common
 *fill*         0x0800627e        0x2 
 .text._printf_i
                0x08006280      0x23c C:/ST/STM32CubeIDE_1.19.0/STM32CubeIDE/plugins/com.st.stm32cube.ide.mcu.externaltools.gnu-tools-for-stm32.13.3.rel1.win32_1.0.0.202411081344/tools/bin/../lib/gcc/arm-none-eabi/13.3.1/../../../../arm-none-eabi/lib/thumb/v7e-m+fp/hard\libc_nano.a(libc_a-nano-vfprintf_i.o)
                0x08006280                _printf_i
 .text.__sflush_r
                0x080064bc      0x108 C:/ST/STM32CubeIDE_1.19.0/STM32CubeIDE/plugins/com.st.stm32cube.ide.mcu.externaltools.gnu-tools-for-stm32.13.3.rel1.win32_1.0.0.202411081344/tools/bin/../lib/gcc/arm-none-eabi/13.3.1/../../../../arm-none-eabi/lib/thumb/v7e-m+fp/hard\libc_nano.a(libc_a-fflush.o)
                0x080064bc                __sflush_r
 .text._fflush_r
                0x080065c4       0x50 C:/ST/STM32CubeIDE_1.19.0/STM32CubeIDE/plugins/com.st.stm32cube.ide.mcu.externaltools.gnu-tools-for-stm32.13.3.rel1.win32_1.0.0.202411081344/tools/bin/../lib/gcc/arm-none-eabi/13.3.1/../../../../arm-none-eabi/lib/thumb/v7e-m+fp/hard\libc_nano.a(libc_a-fflush.o)
                0x080065c4                _fflush_r
 .text.__swhatbuf_r
                0x08006614       0x4c C:/ST/STM32CubeIDE_1.19.0/STM32CubeIDE/plugins/com.st.stm32cube.ide.mcu.externaltools.gnu-tools-for-stm32.13.3.rel1.win32_1.0.0.202411081344/tools/bin/../lib/gcc/arm-none-eabi/13.3.1/../../../../arm-none-eabi/lib/thumb/v7e-m+fp/hard\libc_nano.a(libc_a-makebuf.o)
                0x08006614                __swhatbuf_r
 .text.__smakebuf_r
                0x08006660       0x78 C:/ST/STM32CubeIDE_1.19.0/STM32CubeIDE/plugins/com.st.stm32cube.ide.mcu.externaltools.gnu-tools-for-stm32.13.3.rel1.win32_1.0.0.202411081344/tools/bin/../lib/gcc/arm-none-eabi/13.3.1/../../../../arm-none-eabi/lib/thumb/v7e-m+fp/hard\libc_nano.a(libc_a-makebuf.o)
                0x08006660                __smakebuf_r
 .text._fstat_r
                0x080066d8       0x24 C:/ST/STM32CubeIDE_1.19.0/STM32CubeIDE/plugins/com.st.stm32cube.ide.mcu.externaltools.gnu-tools-for-stm32.13.3.rel1.win32_1.0.0.202411081344/tools/bin/../lib/gcc/arm-none-eabi/13.3.1/../../../../arm-none-eabi/lib/thumb/v7e-m+fp/hard\libc_nano.a(libc_a-fstatr.o)
                0x080066d8                _fstat_r
 .text._isatty_r
                0x080066fc       0x20 C:/ST/STM32CubeIDE_1.19.0/STM32CubeIDE/plugins/com.st.stm32cube.ide.mcu.externaltools.gnu-tools-for-stm32.13.3.rel1.win32_1.0.0.202411081344/tools/bin/../lib/gcc/arm-none-eabi/13.3.1/../../../../arm-none-eabi/lib/thumb/v7e-m+fp/hard\libc_nano.a(libc_a-isattyr.o)
                0x080066fc                _isatty_r
 *(.glue_7)
 .glue_7        0x0800671c        0x0 linker stubs
 *(.glue_7t)
 .glue_7t       0x0800671c        0x0 linker stubs
 *(.eh_frame)
 .eh_frame      0x0800671c        0x0 C:/ST/STM32CubeIDE_1.19.0/STM32CubeIDE/plugins/com.st.stm32cube.ide.mcu.externaltools.gnu-tools-for-stm32.13.3.rel1.win32_1.0.0.202411081344/tools/bin/../lib/gcc/arm-none-eabi/13.3.1/thumb/v7e-m+fp/hard/crtbegin.o
 *(.init)
 .init          0x0800671c        0x4 C:/ST/STM32CubeIDE_1.19.0/STM32CubeIDE/plugins/com.st.stm32cube.ide.mcu.externaltools.gnu-tools-for-stm32.13.3.rel1.win32_1.0.0.202411081344/tools/bin/../lib/gcc/arm-none-eabi/13.3.1/thumb/v7e-m+fp/hard/crti.o
                0x0800671c                _init
 .init          0x08006720        0x8 C:/ST/STM32CubeIDE_1.19.0/STM32CubeIDE/plugins/com.st.stm32cube.ide.mcu.externaltools.gnu-tools-for-stm32.13.3.rel1.win32_1.0.0.202411081344/tools/bin/../lib/gcc/arm-none-eabi/13.3.1/thumb/v7e-m+fp/hard/crtn.o
 *(.fini)
 .fini          0x08006728        0x4 C:/ST/STM32CubeIDE_1.19.0/STM32CubeIDE/plugins/com.st.stm32cube.ide.mcu.externaltools.gnu-tools-for-stm32.13.3.rel1.win32_1.0.0.202411081344/tools/bin/../lib/gcc/arm-none-eabi/13.3.1/thumb/v7e-m+fp/hard/crti.o
                0x08006728                _fini
 .fini          0x0800672c        0x8 C:/ST/STM32CubeIDE_1.19.0/STM32CubeIDE/plugins/com.st.stm32cube.ide.mcu.externaltools.gnu-tools-for-stm32.13.3.rel1.win32_1.0.0.202411081344/tools/bin/../lib/gcc/arm-none-eabi/13.3.1/thumb/v7e-m+fp/hard/crtn.o
                0x08006734                        . = ALIGN (0x4)
                0x08006734                        _etext = .

.vfp11_veneer   0x08006734        0x0
 .vfp11_veneer  0x08006734        0x0 linker stubs

.v4_bx          0x08006734        0x0
 .v4_bx         0x08006734        0x0 linker stubs

.iplt           0x08006734        0x0
 .iplt          0x08006734        0x0 C:/ST/STM32CubeIDE_1.19.0/STM32CubeIDE/plugins/com.st.stm32cube.ide.mcu.externaltools.gnu-tools-for-stm32.13.3.rel1.win32_1.0.0.202411081344/tools/bin/../lib/gcc/arm-none-eabi/13.3.1/thumb/v7e-m+fp/hard/crtbegin.o

.rodata         0x08006740   0x140bc4
                0x08006740                        . = ALIGN (0x4)
 *(.rodata)
 .rodata        0x08006740       0xb4 ./Core/Src/main.o
 .rodata        0x080067f4       0x30 ./X-CUBE-AI/App/network_data.o
 *(.rodata*)
 .rodata.AHBPrescTable
                0x08006824       0x10 ./Core/Src/system_stm32l4xx.o
                0x08006824                AHBPrescTable
 .rodata.APBPrescTable
                0x08006834        0x8 ./Core/Src/system_stm32l4xx.o
                0x08006834                APBPrescTable
 .rodata.MSIRangeTable
                0x0800683c       0x30 ./Core/Src/system_stm32l4xx.o
                0x0800683c                MSIRangeTable
 .rodata.UARTPrescTable
                0x0800686c       0x18 ./Drivers/STM32L4xx_HAL_Driver/Src/stm32l4xx_hal_uart.o
                0x0800686c                UARTPrescTable
 .rodata.numerator.1
                0x08006884        0x8 ./Drivers/STM32L4xx_HAL_Driver/Src/stm32l4xx_hal_uart_ex.o
 .rodata.denominator.0
                0x0800688c        0x8 ./Drivers/STM32L4xx_HAL_Driver/Src/stm32l4xx_hal_uart_ex.o
 .rodata.output_probability_chain
                0x08006894        0x8 ./X-CUBE-AI/App/network.o
 .rodata.label_chain
                0x0800689c        0x8 ./X-CUBE-AI/App/network.o
 *fill*         0x080068a4       0x1c 
 .rodata.s_network_weights_array_u64
                0x080068c0   0x140a10 ./X-CUBE-AI/App/network_data_params.o
                0x080068c0                s_network_weights_array_u64
 .rodata._vfprintf_r.str1.1
                0x081472d0       0x33 C:/ST/STM32CubeIDE_1.19.0/STM32CubeIDE/plugins/com.st.stm32cube.ide.mcu.externaltools.gnu-tools-for-stm32.13.3.rel1.win32_1.0.0.202411081344/tools/bin/../lib/gcc/arm-none-eabi/13.3.1/../../../../arm-none-eabi/lib/thumb/v7e-m+fp/hard\libc_nano.a(libc_a-nano-vfprintf.o)
                                 0x11 (size before relaxing)
 .rodata._printf_i.str1.1
                0x08147303       0x22 C:/ST/STM32CubeIDE_1.19.0/STM32CubeIDE/plugins/com.st.stm32cube.ide.mcu.externaltools.gnu-tools-for-stm32.13.3.rel1.win32_1.0.0.202411081344/tools/bin/../lib/gcc/arm-none-eabi/13.3.1/../../../../arm-none-eabi/lib/thumb/v7e-m+fp/hard\libc_nano.a(libc_a-nano-vfprintf_i.o)
                0x08147328                        . = ALIGN (0x4)
 *fill*         0x08147303        0x1 

.ARM.extab      0x08147304        0x0
                0x08147304                        . = ALIGN (0x4)
 *(.ARM.extab* .gnu.linkonce.armextab.*)
                0x08147304                        . = ALIGN (0x4)

.ARM            0x08147304        0x8
                0x08147304                        . = ALIGN (0x4)
                0x08147304                        __exidx_start = .
 *(.ARM.exidx*)
 .ARM.exidx     0x08147304        0x8 C:/ST/STM32CubeIDE_1.19.0/STM32CubeIDE/plugins/com.st.stm32cube.ide.mcu.externaltools.gnu-tools-for-stm32.13.3.rel1.win32_1.0.0.202411081344/tools/bin/../lib/gcc/arm-none-eabi/13.3.1/../../../../arm-none-eabi/lib/thumb/v7e-m+fp/hard\libc_nano.a(libc_a-memchr.o)
 .ARM.exidx     0x0814730c        0x0 C:/ST/STM32CubeIDE_1.19.0/STM32CubeIDE/plugins/com.st.stm32cube.ide.mcu.externaltools.gnu-tools-for-stm32.13.3.rel1.win32_1.0.0.202411081344/tools/bin/../lib/gcc/arm-none-eabi/13.3.1/thumb/v7e-m+fp/hard\libgcc.a(_udivmoddi4.o)
                                  0x8 (size before relaxing)
                0x0814730c                        __exidx_end = .
                0x0814730c                        . = ALIGN (0x4)

.preinit_array  0x0814730c        0x0
                0x0814730c                        . = ALIGN (0x4)
                0x0814730c                        PROVIDE (__preinit_array_start = .)
 *(.preinit_array*)
                0x0814730c                        PROVIDE (__preinit_array_end = .)
                0x0814730c                        . = ALIGN (0x4)

.init_array     0x0814730c        0x4
                0x0814730c                        . = ALIGN (0x4)
                0x0814730c                        PROVIDE (__init_array_start = .)
 *(SORT_BY_NAME(.init_array.*))
 *(.init_array*)
 .init_array    0x0814730c        0x4 C:/ST/STM32CubeIDE_1.19.0/STM32CubeIDE/plugins/com.st.stm32cube.ide.mcu.externaltools.gnu-tools-for-stm32.13.3.rel1.win32_1.0.0.202411081344/tools/bin/../lib/gcc/arm-none-eabi/13.3.1/thumb/v7e-m+fp/hard/crtbegin.o
                0x08147310                        PROVIDE (__init_array_end = .)
                0x08147310                        . = ALIGN (0x4)

.fini_array     0x08147310        0x4
                0x08147310                        . = ALIGN (0x4)
                [!provide]                        PROVIDE (__fini_array_start = .)
 *(SORT_BY_NAME(.fini_array.*))
 *(.fini_array*)
 .fini_array    0x08147310        0x4 C:/ST/STM32CubeIDE_1.19.0/STM32CubeIDE/plugins/com.st.stm32cube.ide.mcu.externaltools.gnu-tools-for-stm32.13.3.rel1.win32_1.0.0.202411081344/tools/bin/../lib/gcc/arm-none-eabi/13.3.1/thumb/v7e-m+fp/hard/crtbegin.o
                [!provide]                        PROVIDE (__fini_array_end = .)
                0x08147314                        . = ALIGN (0x4)
                0x08147314                        _sidata = LOADADDR (.data)

.rel.dyn        0x08147314        0x0
 .rel.iplt      0x08147314        0x0 C:/ST/STM32CubeIDE_1.19.0/STM32CubeIDE/plugins/com.st.stm32cube.ide.mcu.externaltools.gnu-tools-for-stm32.13.3.rel1.win32_1.0.0.202411081344/tools/bin/../lib/gcc/arm-none-eabi/13.3.1/thumb/v7e-m+fp/hard/crtbegin.o

.data           0x20000000      0x7c0 load address 0x08147314
                0x20000000                        . = ALIGN (0x4)
                0x20000000                        _sdata = .
 *(.data)
 *(.data*)
 .data.input_data
                0x20000000       0x18 ./Core/Src/main.o
                0x20000000                input_data
 .data.SystemCoreClock
                0x20000018        0x4 ./Core/Src/system_stm32l4xx.o
                0x20000018                SystemCoreClock
 .data.uwTickPrio
                0x2000001c        0x4 ./Drivers/STM32L4xx_HAL_Driver/Src/stm32l4xx_hal.o
                0x2000001c                uwTickPrio
 .data.uwTickFreq
                0x20000020        0x1 ./Drivers/STM32L4xx_HAL_Driver/Src/stm32l4xx_hal.o
                0x20000020                uwTickFreq
 *fill*         0x20000021        0x3 
 .data.float_input_output_array
                0x20000024       0x10 ./X-CUBE-AI/App/network.o
 .data.label_output0_array
                0x20000034       0x10 ./X-CUBE-AI/App/network.o
 .data.label_output1_array
                0x20000044       0x10 ./X-CUBE-AI/App/network.o
 .data.output_probability_output_array
                0x20000054       0x10 ./X-CUBE-AI/App/network.o
 .data.label_branch_mode_array
                0x20000064       0x10 ./X-CUBE-AI/App/network.o
 .data.label_nodes_featureids_array
                0x20000074       0x10 ./X-CUBE-AI/App/network.o
 .data.label_nodes_values_array
                0x20000084       0x10 ./X-CUBE-AI/App/network.o
 .data.label_nodes_truenodeids_array
                0x20000094       0x10 ./X-CUBE-AI/App/network.o
 .data.label_nodes_falsenodeids_array
                0x200000a4       0x10 ./X-CUBE-AI/App/network.o
 .data.label_class_weights_array
                0x200000b4       0x10 ./X-CUBE-AI/App/network.o
 .data.label_nb_node_by_estimator_array
                0x200000c4       0x10 ./X-CUBE-AI/App/network.o
 .data.label_class_nodeids_array
                0x200000d4       0x10 ./X-CUBE-AI/App/network.o
 .data.label_nb_class_by_estimator_array
                0x200000e4       0x10 ./X-CUBE-AI/App/network.o
 .data.label_classlabels_int64s_array
                0x200000f4       0x10 ./X-CUBE-AI/App/network.o
 .data.label_base_values_array
                0x20000104       0x10 ./X-CUBE-AI/App/network.o
 .data.label_class_ids_array
                0x20000114       0x10 ./X-CUBE-AI/App/network.o
 .data.output_probability_classlabels_ints_array
                0x20000124       0x10 ./X-CUBE-AI/App/network.o
 .data.__compound_literal.0
                0x20000134       0x10 ./X-CUBE-AI/App/network.o
 .data.__compound_literal.1
                0x20000144       0x10 ./X-CUBE-AI/App/network.o
 .data.float_input_output
                0x20000154       0x1c ./X-CUBE-AI/App/network.o
 .data.__compound_literal.2
                0x20000170       0x10 ./X-CUBE-AI/App/network.o
 .data.__compound_literal.3
                0x20000180       0x10 ./X-CUBE-AI/App/network.o
 .data.label_base_values
                0x20000190       0x1c ./X-CUBE-AI/App/network.o
 .data.__compound_literal.4
                0x200001ac       0x10 ./X-CUBE-AI/App/network.o
 .data.__compound_literal.5
                0x200001bc       0x10 ./X-CUBE-AI/App/network.o
 .data.label_branch_mode
                0x200001cc       0x1c ./X-CUBE-AI/App/network.o
 .data.__compound_literal.6
                0x200001e8       0x10 ./X-CUBE-AI/App/network.o
 .data.__compound_literal.7
                0x200001f8       0x10 ./X-CUBE-AI/App/network.o
 .data.label_class_ids
                0x20000208       0x1c ./X-CUBE-AI/App/network.o
 .data.__compound_literal.8
                0x20000224       0x10 ./X-CUBE-AI/App/network.o
 .data.__compound_literal.9
                0x20000234       0x10 ./X-CUBE-AI/App/network.o
 .data.label_class_nodeids
                0x20000244       0x1c ./X-CUBE-AI/App/network.o
 .data.__compound_literal.10
                0x20000260       0x10 ./X-CUBE-AI/App/network.o
 .data.__compound_literal.11
                0x20000270       0x10 ./X-CUBE-AI/App/network.o
 .data.label_class_weights
                0x20000280       0x1c ./X-CUBE-AI/App/network.o
 .data.__compound_literal.12
                0x2000029c       0x10 ./X-CUBE-AI/App/network.o
 .data.__compound_literal.13
                0x200002ac       0x10 ./X-CUBE-AI/App/network.o
 .data.label_classlabels_int64s
                0x200002bc       0x1c ./X-CUBE-AI/App/network.o
 .data.__compound_literal.14
                0x200002d8       0x10 ./X-CUBE-AI/App/network.o
 .data.__compound_literal.15
                0x200002e8       0x10 ./X-CUBE-AI/App/network.o
 .data.label_nb_class_by_estimator
                0x200002f8       0x1c ./X-CUBE-AI/App/network.o
 .data.__compound_literal.16
                0x20000314       0x10 ./X-CUBE-AI/App/network.o
 .data.__compound_literal.17
                0x20000324       0x10 ./X-CUBE-AI/App/network.o
 .data.label_nb_node_by_estimator
                0x20000334       0x1c ./X-CUBE-AI/App/network.o
 .data.__compound_literal.18
                0x20000350       0x10 ./X-CUBE-AI/App/network.o
 .data.__compound_literal.19
                0x20000360       0x10 ./X-CUBE-AI/App/network.o
 .data.label_nodes_falsenodeids
                0x20000370       0x1c ./X-CUBE-AI/App/network.o
 .data.__compound_literal.20
                0x2000038c       0x10 ./X-CUBE-AI/App/network.o
 .data.__compound_literal.21
                0x2000039c       0x10 ./X-CUBE-AI/App/network.o
 .data.label_nodes_featureids
                0x200003ac       0x1c ./X-CUBE-AI/App/network.o
 .data.__compound_literal.22
                0x200003c8       0x10 ./X-CUBE-AI/App/network.o
 .data.__compound_literal.23
                0x200003d8       0x10 ./X-CUBE-AI/App/network.o
 .data.label_nodes_truenodeids
                0x200003e8       0x1c ./X-CUBE-AI/App/network.o
 .data.__compound_literal.24
                0x20000404       0x10 ./X-CUBE-AI/App/network.o
 .data.__compound_literal.25
                0x20000414       0x10 ./X-CUBE-AI/App/network.o
 .data.label_nodes_values
                0x20000424       0x1c ./X-CUBE-AI/App/network.o
 .data.__compound_literal.26
                0x20000440       0x10 ./X-CUBE-AI/App/network.o
 .data.__compound_literal.27
                0x20000450       0x10 ./X-CUBE-AI/App/network.o
 .data.label_output0
                0x20000460       0x1c ./X-CUBE-AI/App/network.o
 .data.__compound_literal.28
                0x2000047c       0x10 ./X-CUBE-AI/App/network.o
 .data.__compound_literal.29
                0x2000048c       0x10 ./X-CUBE-AI/App/network.o
 .data.label_output1
                0x2000049c       0x1c ./X-CUBE-AI/App/network.o
 .data.__compound_literal.30
                0x200004b8       0x10 ./X-CUBE-AI/App/network.o
 .data.__compound_literal.31
                0x200004c8       0x10 ./X-CUBE-AI/App/network.o
 .data.output_probability_classlabels_ints
                0x200004d8       0x1c ./X-CUBE-AI/App/network.o
 .data.__compound_literal.32
                0x200004f4       0x10 ./X-CUBE-AI/App/network.o
 .data.__compound_literal.33
                0x20000504       0x10 ./X-CUBE-AI/App/network.o
 .data.output_probability_output
                0x20000514       0x1c ./X-CUBE-AI/App/network.o
 .data.__compound_literal.34
                0x20000530        0x4 ./X-CUBE-AI/App/network.o
 .data.__compound_literal.35
                0x20000534        0x4 ./X-CUBE-AI/App/network.o
 .data.__compound_literal.36
                0x20000538        0x4 ./X-CUBE-AI/App/network.o
 .data.__compound_literal.38
                0x2000053c       0x30 ./X-CUBE-AI/App/network.o
 .data.output_probability_layer
                0x2000056c       0x20 ./X-CUBE-AI/App/network.o
 .data.__compound_literal.39
                0x2000058c        0x4 ./X-CUBE-AI/App/network.o
 .data.__compound_literal.40
                0x20000590        0x8 ./X-CUBE-AI/App/network.o
 .data.__compound_literal.41
                0x20000598       0x30 ./X-CUBE-AI/App/network.o
 .data.__compound_literal.43
                0x200005c8       0x30 ./X-CUBE-AI/App/network.o
 .data.label_layer
                0x200005f8       0x34 ./X-CUBE-AI/App/network.o
 .data.__compound_literal.44
                0x2000062c       0x10 ./X-CUBE-AI/App/network.o
 .data.__compound_literal.45
                0x2000063c       0x1c ./X-CUBE-AI/App/network.o
 .data.__compound_literal.46
                0x20000658       0x10 ./X-CUBE-AI/App/network.o
 .data.__compound_literal.47
                0x20000668       0x1c ./X-CUBE-AI/App/network.o
 .data.__compound_literal.48
                0x20000684        0x4 ./X-CUBE-AI/App/network.o
 .data.__compound_literal.52
                0x20000688        0xc ./X-CUBE-AI/App/network.o
 .data.__compound_literal.53
                0x20000694        0x8 ./X-CUBE-AI/App/network.o
 .data.__compound_literal.57
                0x2000069c        0xc ./X-CUBE-AI/App/network.o
 .data.__compound_literal.58
                0x200006a8       0x18 ./X-CUBE-AI/App/network.o
 .data.g_network
                0x200006c0       0x4c ./X-CUBE-AI/App/network.o
 .data.__compound_literal.0
                0x2000070c       0x10 ./X-CUBE-AI/App/network_data.o
 .data.g_network_data_map_activations
                0x2000071c       0x1c ./X-CUBE-AI/App/network_data.o
                0x2000071c                g_network_data_map_activations
 .data.__compound_literal.1
                0x20000738       0x10 ./X-CUBE-AI/App/network_data.o
 .data.g_network_data_map_weights
                0x20000748       0x1c ./X-CUBE-AI/App/network_data.o
                0x20000748                g_network_data_map_weights
 .data.__sglue  0x20000764        0xc C:/ST/STM32CubeIDE_1.19.0/STM32CubeIDE/plugins/com.st.stm32cube.ide.mcu.externaltools.gnu-tools-for-stm32.13.3.rel1.win32_1.0.0.202411081344/tools/bin/../lib/gcc/arm-none-eabi/13.3.1/../../../../arm-none-eabi/lib/thumb/v7e-m+fp/hard\libc_nano.a(libc_a-findfp.o)
                0x20000764                __sglue
 .data._impure_ptr
                0x20000770        0x4 C:/ST/STM32CubeIDE_1.19.0/STM32CubeIDE/plugins/com.st.stm32cube.ide.mcu.externaltools.gnu-tools-for-stm32.13.3.rel1.win32_1.0.0.202411081344/tools/bin/../lib/gcc/arm-none-eabi/13.3.1/../../../../arm-none-eabi/lib/thumb/v7e-m+fp/hard\libc_nano.a(libc_a-impure.o)
                0x20000770                _impure_ptr
 .data._impure_data
                0x20000774       0x4c C:/ST/STM32CubeIDE_1.19.0/STM32CubeIDE/plugins/com.st.stm32cube.ide.mcu.externaltools.gnu-tools-for-stm32.13.3.rel1.win32_1.0.0.202411081344/tools/bin/../lib/gcc/arm-none-eabi/13.3.1/../../../../arm-none-eabi/lib/thumb/v7e-m+fp/hard\libc_nano.a(libc_a-impure.o)
                0x20000774                _impure_data
 *(.RamFunc)
 *(.RamFunc*)
                0x200007c0                        . = ALIGN (0x4)
                0x200007c0                        _edata = .

.igot.plt       0x200007c0        0x0 load address 0x08147ad4
 .igot.plt      0x200007c0        0x0 C:/ST/STM32CubeIDE_1.19.0/STM32CubeIDE/plugins/com.st.stm32cube.ide.mcu.externaltools.gnu-tools-for-stm32.13.3.rel1.win32_1.0.0.202411081344/tools/bin/../lib/gcc/arm-none-eabi/13.3.1/thumb/v7e-m+fp/hard/crtbegin.o
                0x200007c0                        . = ALIGN (0x4)

.bss            0x200007c0      0x37c load address 0x08147ad4
                0x200007c0                        _sbss = .
                0x200007c0                        __bss_start__ = _sbss
 *(.bss)
 .bss           0x200007c0       0x1c C:/ST/STM32CubeIDE_1.19.0/STM32CubeIDE/plugins/com.st.stm32cube.ide.mcu.externaltools.gnu-tools-for-stm32.13.3.rel1.win32_1.0.0.202411081344/tools/bin/../lib/gcc/arm-none-eabi/13.3.1/thumb/v7e-m+fp/hard/crtbegin.o
 *(.bss*)
 .bss.hi2c2     0x200007dc       0x54 ./Core/Src/main.o
                0x200007dc                hi2c2
 .bss.huart1    0x20000830       0x94 ./Core/Src/main.o
                0x20000830                huart1
 .bss.network   0x200008c4        0x4 ./Core/Src/main.o
                0x200008c4                network
 .bss.activations_buffer
                0x200008c8       0x40 ./Core/Src/main.o
 .bss.ai_input  0x20000908        0x4 ./Core/Src/main.o
 .bss.ai_output
                0x2000090c        0x4 ./Core/Src/main.o
 .bss.predicted_label
                0x20000910        0x4 ./Core/Src/main.o
                0x20000910                predicted_label
 .bss.probabilities
                0x20000914       0x28 ./Core/Src/main.o
                0x20000914                probabilities
 .bss.__sbrk_heap_end
                0x2000093c        0x4 ./Core/Src/sysmem.o
 .bss.uwTick    0x20000940        0x4 ./Drivers/STM32L4xx_HAL_Driver/Src/stm32l4xx_hal.o
                0x20000940                uwTick
 .bss.g_network_activations_map
                0x20000944        0x4 ./X-CUBE-AI/App/network.o
 .bss.g_network_weights_map
                0x20000948        0x4 ./X-CUBE-AI/App/network.o
 .bss.__compound_literal.37
                0x2000094c        0x4 ./X-CUBE-AI/App/network.o
 .bss.__compound_literal.42
                0x20000950        0x4 ./X-CUBE-AI/App/network.o
 .bss.__compound_literal.49
                0x20000954       0x1c ./X-CUBE-AI/App/network.o
 .bss.__compound_literal.50
                0x20000970       0x10 ./X-CUBE-AI/App/network.o
 .bss.__compound_literal.51
                0x20000980        0x8 ./X-CUBE-AI/App/network.o
 .bss.__compound_literal.54
                0x20000988       0x38 ./X-CUBE-AI/App/network.o
 .bss.__compound_literal.55
                0x200009c0       0x20 ./X-CUBE-AI/App/network.o
 .bss.__compound_literal.56
                0x200009e0       0x10 ./X-CUBE-AI/App/network.o
 .bss.__malloc_sbrk_start
                0x200009f0        0x4 C:/ST/STM32CubeIDE_1.19.0/STM32CubeIDE/plugins/com.st.stm32cube.ide.mcu.externaltools.gnu-tools-for-stm32.13.3.rel1.win32_1.0.0.202411081344/tools/bin/../lib/gcc/arm-none-eabi/13.3.1/../../../../arm-none-eabi/lib/thumb/v7e-m+fp/hard\libc_nano.a(libc_a-mallocr.o)
                0x200009f0                __malloc_sbrk_start
 .bss.__malloc_free_list
                0x200009f4        0x4 C:/ST/STM32CubeIDE_1.19.0/STM32CubeIDE/plugins/com.st.stm32cube.ide.mcu.externaltools.gnu-tools-for-stm32.13.3.rel1.win32_1.0.0.202411081344/tools/bin/../lib/gcc/arm-none-eabi/13.3.1/../../../../arm-none-eabi/lib/thumb/v7e-m+fp/hard\libc_nano.a(libc_a-mallocr.o)
                0x200009f4                __malloc_free_list
 .bss.__sf      0x200009f8      0x138 C:/ST/STM32CubeIDE_1.19.0/STM32CubeIDE/plugins/com.st.stm32cube.ide.mcu.externaltools.gnu-tools-for-stm32.13.3.rel1.win32_1.0.0.202411081344/tools/bin/../lib/gcc/arm-none-eabi/13.3.1/../../../../arm-none-eabi/lib/thumb/v7e-m+fp/hard\libc_nano.a(libc_a-findfp.o)
                0x200009f8                __sf
 .bss.__stdio_exit_handler
                0x20000b30        0x4 C:/ST/STM32CubeIDE_1.19.0/STM32CubeIDE/plugins/com.st.stm32cube.ide.mcu.externaltools.gnu-tools-for-stm32.13.3.rel1.win32_1.0.0.202411081344/tools/bin/../lib/gcc/arm-none-eabi/13.3.1/../../../../arm-none-eabi/lib/thumb/v7e-m+fp/hard\libc_nano.a(libc_a-findfp.o)
                0x20000b30                __stdio_exit_handler
 .bss.errno     0x20000b34        0x4 C:/ST/STM32CubeIDE_1.19.0/STM32CubeIDE/plugins/com.st.stm32cube.ide.mcu.externaltools.gnu-tools-for-stm32.13.3.rel1.win32_1.0.0.202411081344/tools/bin/../lib/gcc/arm-none-eabi/13.3.1/../../../../arm-none-eabi/lib/thumb/v7e-m+fp/hard\libc_nano.a(libc_a-reent.o)
                0x20000b34                errno
 .bss.__lock___malloc_recursive_mutex
                0x20000b38        0x1 C:/ST/STM32CubeIDE_1.19.0/STM32CubeIDE/plugins/com.st.stm32cube.ide.mcu.externaltools.gnu-tools-for-stm32.13.3.rel1.win32_1.0.0.202411081344/tools/bin/../lib/gcc/arm-none-eabi/13.3.1/../../../../arm-none-eabi/lib/thumb/v7e-m+fp/hard\libc_nano.a(libc_a-lock.o)
                0x20000b38                __lock___malloc_recursive_mutex
 .bss.__lock___sfp_recursive_mutex
                0x20000b39        0x1 C:/ST/STM32CubeIDE_1.19.0/STM32CubeIDE/plugins/com.st.stm32cube.ide.mcu.externaltools.gnu-tools-for-stm32.13.3.rel1.win32_1.0.0.202411081344/tools/bin/../lib/gcc/arm-none-eabi/13.3.1/../../../../arm-none-eabi/lib/thumb/v7e-m+fp/hard\libc_nano.a(libc_a-lock.o)
                0x20000b39                __lock___sfp_recursive_mutex
 *(COMMON)
                0x20000b3c                        . = ALIGN (0x4)
 *fill*         0x20000b3a        0x2 
                0x20000b3c                        _ebss = .
                0x20000b3c                        __bss_end__ = _ebss

._user_heap_stack
                0x20000b3c     0x1004 load address 0x08147ad4
                0x20000b40                        . = ALIGN (0x8)
 *fill*         0x20000b3c        0x4 
                [!provide]                        PROVIDE (end = .)
                0x20000b40                        PROVIDE (_end = .)
                0x20001340                        . = (. + _Min_Heap_Size)
 *fill*         0x20000b40      0x800 
                0x20001b40                        . = (. + _Min_Stack_Size)
 *fill*         0x20001340      0x800 
                0x20001b40                        . = ALIGN (0x8)

/DISCARD/
 libc.a(*)
 libm.a(*)
 libgcc.a(*)

.ARM.attributes
                0x00000000       0x30
 *(.ARM.attributes)
 .ARM.attributes
                0x00000000       0x22 C:/ST/STM32CubeIDE_1.19.0/STM32CubeIDE/plugins/com.st.stm32cube.ide.mcu.externaltools.gnu-tools-for-stm32.13.3.rel1.win32_1.0.0.202411081344/tools/bin/../lib/gcc/arm-none-eabi/13.3.1/thumb/v7e-m+fp/hard/crti.o
 .ARM.attributes
                0x00000022       0x34 C:/ST/STM32CubeIDE_1.19.0/STM32CubeIDE/plugins/com.st.stm32cube.ide.mcu.externaltools.gnu-tools-for-stm32.13.3.rel1.win32_1.0.0.202411081344/tools/bin/../lib/gcc/arm-none-eabi/13.3.1/thumb/v7e-m+fp/hard/crtbegin.o
 .ARM.attributes
                0x00000056       0x34 ./Core/Src/main.o
 .ARM.attributes
                0x0000008a       0x34 ./Core/Src/stm32l4xx_hal_msp.o
 .ARM.attributes
                0x000000be       0x34 ./Core/Src/stm32l4xx_it.o
 .ARM.attributes
                0x000000f2       0x34 ./Core/Src/syscalls.o
 .ARM.attributes
                0x00000126       0x34 ./Core/Src/sysmem.o
 .ARM.attributes
                0x0000015a       0x34 ./Core/Src/system_stm32l4xx.o
 .ARM.attributes
                0x0000018e       0x21 ./Core/Startup/startup_stm32l4s5vitx.o
 .ARM.attributes
                0x000001af       0x34 ./Drivers/STM32L4xx_HAL_Driver/Src/stm32l4xx_hal.o
 .ARM.attributes
                0x000001e3       0x34 ./Drivers/STM32L4xx_HAL_Driver/Src/stm32l4xx_hal_cortex.o
 .ARM.attributes
                0x00000217       0x34 ./Drivers/STM32L4xx_HAL_Driver/Src/stm32l4xx_hal_gpio.o
 .ARM.attributes
                0x0000024b       0x34 ./Drivers/STM32L4xx_HAL_Driver/Src/stm32l4xx_hal_i2c.o
 .ARM.attributes
                0x0000027f       0x34 ./Drivers/STM32L4xx_HAL_Driver/Src/stm32l4xx_hal_i2c_ex.o
 .ARM.attributes
                0x000002b3       0x34 ./Drivers/STM32L4xx_HAL_Driver/Src/stm32l4xx_hal_pwr_ex.o
 .ARM.attributes
                0x000002e7       0x34 ./Drivers/STM32L4xx_HAL_Driver/Src/stm32l4xx_hal_rcc.o
 .ARM.attributes
                0x0000031b       0x34 ./Drivers/STM32L4xx_HAL_Driver/Src/stm32l4xx_hal_rcc_ex.o
 .ARM.attributes
                0x0000034f       0x34 ./Drivers/STM32L4xx_HAL_Driver/Src/stm32l4xx_hal_uart.o
 .ARM.attributes
                0x00000383       0x34 ./Drivers/STM32L4xx_HAL_Driver/Src/stm32l4xx_hal_uart_ex.o
 .ARM.attributes
                0x000003b7       0x34 ./X-CUBE-AI/App/network.o
 .ARM.attributes
                0x000003eb       0x34 ./X-CUBE-AI/App/network_data.o
 .ARM.attributes
                0x0000041f       0x34 ./X-CUBE-AI/App/network_data_params.o
 .ARM.attributes
                0x00000453       0x30 ../Middlewares/ST/AI/Lib\NetworkRuntime1020_CM4_GCC.a(ai_platform.o)
 .ARM.attributes
                0x00000483       0x30 ../Middlewares/ST/AI/Lib\NetworkRuntime1020_CM4_GCC.a(ai_platform_interface.o)
 .ARM.attributes
                0x000004b3       0x30 ../Middlewares/ST/AI/Lib\NetworkRuntime1020_CM4_GCC.a(core_common.o)
 .ARM.attributes
                0x000004e3       0x30 ../Middlewares/ST/AI/Lib\NetworkRuntime1020_CM4_GCC.a(layers.o)
 .ARM.attributes
                0x00000513       0x30 ../Middlewares/ST/AI/Lib\NetworkRuntime1020_CM4_GCC.a(layers_ml_generic_float.o)
 .ARM.attributes
                0x00000543       0x30 ../Middlewares/ST/AI/Lib\NetworkRuntime1020_CM4_GCC.a(layers_ml_treeensembleclassifier_float.o)
 .ARM.attributes
                0x00000573       0x30 ../Middlewares/ST/AI/Lib\NetworkRuntime1020_CM4_GCC.a(st_int8_fill.o)
 .ARM.attributes
                0x000005a3       0x30 ../Middlewares/ST/AI/Lib\NetworkRuntime1020_CM4_GCC.a(ai_datatypes_format.o)
 .ARM.attributes
                0x000005d3       0x30 ../Middlewares/ST/AI/Lib\NetworkRuntime1020_CM4_GCC.a(ai_datatypes_internal.o)
 .ARM.attributes
                0x00000603       0x34 C:/ST/STM32CubeIDE_1.19.0/STM32CubeIDE/plugins/com.st.stm32cube.ide.mcu.externaltools.gnu-tools-for-stm32.13.3.rel1.win32_1.0.0.202411081344/tools/bin/../lib/gcc/arm-none-eabi/13.3.1/../../../../arm-none-eabi/lib/thumb/v7e-m+fp/hard\libc_nano.a(libc_a-mallocr.o)
 .ARM.attributes
                0x00000637       0x34 C:/ST/STM32CubeIDE_1.19.0/STM32CubeIDE/plugins/com.st.stm32cube.ide.mcu.externaltools.gnu-tools-for-stm32.13.3.rel1.win32_1.0.0.202411081344/tools/bin/../lib/gcc/arm-none-eabi/13.3.1/../../../../arm-none-eabi/lib/thumb/v7e-m+fp/hard\libc_nano.a(libc_a-mlock.o)
 .ARM.attributes
                0x0000066b       0x34 C:/ST/STM32CubeIDE_1.19.0/STM32CubeIDE/plugins/com.st.stm32cube.ide.mcu.externaltools.gnu-tools-for-stm32.13.3.rel1.win32_1.0.0.202411081344/tools/bin/../lib/gcc/arm-none-eabi/13.3.1/../../../../arm-none-eabi/lib/thumb/v7e-m+fp/hard\libc_nano.a(libc_a-findfp.o)
 .ARM.attributes
                0x0000069f       0x34 C:/ST/STM32CubeIDE_1.19.0/STM32CubeIDE/plugins/com.st.stm32cube.ide.mcu.externaltools.gnu-tools-for-stm32.13.3.rel1.win32_1.0.0.202411081344/tools/bin/../lib/gcc/arm-none-eabi/13.3.1/../../../../arm-none-eabi/lib/thumb/v7e-m+fp/hard\libc_nano.a(libc_a-fwalk.o)
 .ARM.attributes
                0x000006d3       0x34 C:/ST/STM32CubeIDE_1.19.0/STM32CubeIDE/plugins/com.st.stm32cube.ide.mcu.externaltools.gnu-tools-for-stm32.13.3.rel1.win32_1.0.0.202411081344/tools/bin/../lib/gcc/arm-none-eabi/13.3.1/../../../../arm-none-eabi/lib/thumb/v7e-m+fp/hard\libc_nano.a(libc_a-printf.o)
 .ARM.attributes
                0x00000707       0x34 C:/ST/STM32CubeIDE_1.19.0/STM32CubeIDE/plugins/com.st.stm32cube.ide.mcu.externaltools.gnu-tools-for-stm32.13.3.rel1.win32_1.0.0.202411081344/tools/bin/../lib/gcc/arm-none-eabi/13.3.1/../../../../arm-none-eabi/lib/thumb/v7e-m+fp/hard\libc_nano.a(libc_a-puts.o)
 .ARM.attributes
                0x0000073b       0x34 C:/ST/STM32CubeIDE_1.19.0/STM32CubeIDE/plugins/com.st.stm32cube.ide.mcu.externaltools.gnu-tools-for-stm32.13.3.rel1.win32_1.0.0.202411081344/tools/bin/../lib/gcc/arm-none-eabi/13.3.1/../../../../arm-none-eabi/lib/thumb/v7e-m+fp/hard\libc_nano.a(libc_a-stdio.o)
 .ARM.attributes
                0x0000076f       0x34 C:/ST/STM32CubeIDE_1.19.0/STM32CubeIDE/plugins/com.st.stm32cube.ide.mcu.externaltools.gnu-tools-for-stm32.13.3.rel1.win32_1.0.0.202411081344/tools/bin/../lib/gcc/arm-none-eabi/13.3.1/../../../../arm-none-eabi/lib/thumb/v7e-m+fp/hard\libc_nano.a(libc_a-wbuf.o)
 .ARM.attributes
                0x000007a3       0x34 C:/ST/STM32CubeIDE_1.19.0/STM32CubeIDE/plugins/com.st.stm32cube.ide.mcu.externaltools.gnu-tools-for-stm32.13.3.rel1.win32_1.0.0.202411081344/tools/bin/../lib/gcc/arm-none-eabi/13.3.1/../../../../arm-none-eabi/lib/thumb/v7e-m+fp/hard\libc_nano.a(libc_a-wsetup.o)
 .ARM.attributes
                0x000007d7       0x34 C:/ST/STM32CubeIDE_1.19.0/STM32CubeIDE/plugins/com.st.stm32cube.ide.mcu.externaltools.gnu-tools-for-stm32.13.3.rel1.win32_1.0.0.202411081344/tools/bin/../lib/gcc/arm-none-eabi/13.3.1/../../../../arm-none-eabi/lib/thumb/v7e-m+fp/hard\libc_nano.a(libc_a-memset.o)
 .ARM.attributes
                0x0000080b       0x34 C:/ST/STM32CubeIDE_1.19.0/STM32CubeIDE/plugins/com.st.stm32cube.ide.mcu.externaltools.gnu-tools-for-stm32.13.3.rel1.win32_1.0.0.202411081344/tools/bin/../lib/gcc/arm-none-eabi/13.3.1/../../../../arm-none-eabi/lib/thumb/v7e-m+fp/hard\libc_nano.a(libc_a-closer.o)
 .ARM.attributes
                0x0000083f       0x34 C:/ST/STM32CubeIDE_1.19.0/STM32CubeIDE/plugins/com.st.stm32cube.ide.mcu.externaltools.gnu-tools-for-stm32.13.3.rel1.win32_1.0.0.202411081344/tools/bin/../lib/gcc/arm-none-eabi/13.3.1/../../../../arm-none-eabi/lib/thumb/v7e-m+fp/hard\libc_nano.a(libc_a-reent.o)
 .ARM.attributes
                0x00000873       0x34 C:/ST/STM32CubeIDE_1.19.0/STM32CubeIDE/plugins/com.st.stm32cube.ide.mcu.externaltools.gnu-tools-for-stm32.13.3.rel1.win32_1.0.0.202411081344/tools/bin/../lib/gcc/arm-none-eabi/13.3.1/../../../../arm-none-eabi/lib/thumb/v7e-m+fp/hard\libc_nano.a(libc_a-impure.o)
 .ARM.attributes
                0x000008a7       0x34 C:/ST/STM32CubeIDE_1.19.0/STM32CubeIDE/plugins/com.st.stm32cube.ide.mcu.externaltools.gnu-tools-for-stm32.13.3.rel1.win32_1.0.0.202411081344/tools/bin/../lib/gcc/arm-none-eabi/13.3.1/../../../../arm-none-eabi/lib/thumb/v7e-m+fp/hard\libc_nano.a(libc_a-lseekr.o)
 .ARM.attributes
                0x000008db       0x34 C:/ST/STM32CubeIDE_1.19.0/STM32CubeIDE/plugins/com.st.stm32cube.ide.mcu.externaltools.gnu-tools-for-stm32.13.3.rel1.win32_1.0.0.202411081344/tools/bin/../lib/gcc/arm-none-eabi/13.3.1/../../../../arm-none-eabi/lib/thumb/v7e-m+fp/hard\libc_nano.a(libc_a-readr.o)
 .ARM.attributes
                0x0000090f       0x34 C:/ST/STM32CubeIDE_1.19.0/STM32CubeIDE/plugins/com.st.stm32cube.ide.mcu.externaltools.gnu-tools-for-stm32.13.3.rel1.win32_1.0.0.202411081344/tools/bin/../lib/gcc/arm-none-eabi/13.3.1/../../../../arm-none-eabi/lib/thumb/v7e-m+fp/hard\libc_nano.a(libc_a-sbrkr.o)
 .ARM.attributes
                0x00000943       0x34 C:/ST/STM32CubeIDE_1.19.0/STM32CubeIDE/plugins/com.st.stm32cube.ide.mcu.externaltools.gnu-tools-for-stm32.13.3.rel1.win32_1.0.0.202411081344/tools/bin/../lib/gcc/arm-none-eabi/13.3.1/../../../../arm-none-eabi/lib/thumb/v7e-m+fp/hard\libc_nano.a(libc_a-writer.o)
 .ARM.attributes
                0x00000977       0x34 C:/ST/STM32CubeIDE_1.19.0/STM32CubeIDE/plugins/com.st.stm32cube.ide.mcu.externaltools.gnu-tools-for-stm32.13.3.rel1.win32_1.0.0.202411081344/tools/bin/../lib/gcc/arm-none-eabi/13.3.1/../../../../arm-none-eabi/lib/thumb/v7e-m+fp/hard\libc_nano.a(libc_a-errno.o)
 .ARM.attributes
                0x000009ab       0x34 C:/ST/STM32CubeIDE_1.19.0/STM32CubeIDE/plugins/com.st.stm32cube.ide.mcu.externaltools.gnu-tools-for-stm32.13.3.rel1.win32_1.0.0.202411081344/tools/bin/../lib/gcc/arm-none-eabi/13.3.1/../../../../arm-none-eabi/lib/thumb/v7e-m+fp/hard\libc_nano.a(libc_a-init.o)
 .ARM.attributes
                0x000009df       0x34 C:/ST/STM32CubeIDE_1.19.0/STM32CubeIDE/plugins/com.st.stm32cube.ide.mcu.externaltools.gnu-tools-for-stm32.13.3.rel1.win32_1.0.0.202411081344/tools/bin/../lib/gcc/arm-none-eabi/13.3.1/../../../../arm-none-eabi/lib/thumb/v7e-m+fp/hard\libc_nano.a(libc_a-lock.o)
 .ARM.attributes
                0x00000a13       0x34 C:/ST/STM32CubeIDE_1.19.0/STM32CubeIDE/plugins/com.st.stm32cube.ide.mcu.externaltools.gnu-tools-for-stm32.13.3.rel1.win32_1.0.0.202411081344/tools/bin/../lib/gcc/arm-none-eabi/13.3.1/../../../../arm-none-eabi/lib/thumb/v7e-m+fp/hard\libc_nano.a(libc_a-freer.o)
 .ARM.attributes
                0x00000a47       0x34 C:/ST/STM32CubeIDE_1.19.0/STM32CubeIDE/plugins/com.st.stm32cube.ide.mcu.externaltools.gnu-tools-for-stm32.13.3.rel1.win32_1.0.0.202411081344/tools/bin/../lib/gcc/arm-none-eabi/13.3.1/../../../../arm-none-eabi/lib/thumb/v7e-m+fp/hard\libc_nano.a(libc_a-nano-vfprintf.o)
 .ARM.attributes
                0x00000a7b       0x34 C:/ST/STM32CubeIDE_1.19.0/STM32CubeIDE/plugins/com.st.stm32cube.ide.mcu.externaltools.gnu-tools-for-stm32.13.3.rel1.win32_1.0.0.202411081344/tools/bin/../lib/gcc/arm-none-eabi/13.3.1/../../../../arm-none-eabi/lib/thumb/v7e-m+fp/hard\libc_nano.a(libc_a-nano-vfprintf_i.o)
 .ARM.attributes
                0x00000aaf       0x34 C:/ST/STM32CubeIDE_1.19.0/STM32CubeIDE/plugins/com.st.stm32cube.ide.mcu.externaltools.gnu-tools-for-stm32.13.3.rel1.win32_1.0.0.202411081344/tools/bin/../lib/gcc/arm-none-eabi/13.3.1/../../../../arm-none-eabi/lib/thumb/v7e-m+fp/hard\libc_nano.a(libc_a-fflush.o)
 .ARM.attributes
                0x00000ae3       0x34 C:/ST/STM32CubeIDE_1.19.0/STM32CubeIDE/plugins/com.st.stm32cube.ide.mcu.externaltools.gnu-tools-for-stm32.13.3.rel1.win32_1.0.0.202411081344/tools/bin/../lib/gcc/arm-none-eabi/13.3.1/../../../../arm-none-eabi/lib/thumb/v7e-m+fp/hard\libc_nano.a(libc_a-makebuf.o)
 .ARM.attributes
                0x00000b17       0x34 C:/ST/STM32CubeIDE_1.19.0/STM32CubeIDE/plugins/com.st.stm32cube.ide.mcu.externaltools.gnu-tools-for-stm32.13.3.rel1.win32_1.0.0.202411081344/tools/bin/../lib/gcc/arm-none-eabi/13.3.1/../../../../arm-none-eabi/lib/thumb/v7e-m+fp/hard\libc_nano.a(libc_a-fstatr.o)
 .ARM.attributes
                0x00000b4b       0x34 C:/ST/STM32CubeIDE_1.19.0/STM32CubeIDE/plugins/com.st.stm32cube.ide.mcu.externaltools.gnu-tools-for-stm32.13.3.rel1.win32_1.0.0.202411081344/tools/bin/../lib/gcc/arm-none-eabi/13.3.1/../../../../arm-none-eabi/lib/thumb/v7e-m+fp/hard\libc_nano.a(libc_a-isattyr.o)
 .ARM.attributes
                0x00000b7f       0x1c C:/ST/STM32CubeIDE_1.19.0/STM32CubeIDE/plugins/com.st.stm32cube.ide.mcu.externaltools.gnu-tools-for-stm32.13.3.rel1.win32_1.0.0.202411081344/tools/bin/../lib/gcc/arm-none-eabi/13.3.1/../../../../arm-none-eabi/lib/thumb/v7e-m+fp/hard\libc_nano.a(libc_a-memchr.o)
 .ARM.attributes
                0x00000b9b       0x22 C:/ST/STM32CubeIDE_1.19.0/STM32CubeIDE/plugins/com.st.stm32cube.ide.mcu.externaltools.gnu-tools-for-stm32.13.3.rel1.win32_1.0.0.202411081344/tools/bin/../lib/gcc/arm-none-eabi/13.3.1/thumb/v7e-m+fp/hard\libgcc.a(_aeabi_uldivmod.o)
 .ARM.attributes
                0x00000bbd       0x34 C:/ST/STM32CubeIDE_1.19.0/STM32CubeIDE/plugins/com.st.stm32cube.ide.mcu.externaltools.gnu-tools-for-stm32.13.3.rel1.win32_1.0.0.202411081344/tools/bin/../lib/gcc/arm-none-eabi/13.3.1/thumb/v7e-m+fp/hard\libgcc.a(_udivmoddi4.o)
 .ARM.attributes
                0x00000bf1       0x22 C:/ST/STM32CubeIDE_1.19.0/STM32CubeIDE/plugins/com.st.stm32cube.ide.mcu.externaltools.gnu-tools-for-stm32.13.3.rel1.win32_1.0.0.202411081344/tools/bin/../lib/gcc/arm-none-eabi/13.3.1/thumb/v7e-m+fp/hard\libgcc.a(_dvmd_tls.o)
 .ARM.attributes
                0x00000c13       0x22 C:/ST/STM32CubeIDE_1.19.0/STM32CubeIDE/plugins/com.st.stm32cube.ide.mcu.externaltools.gnu-tools-for-stm32.13.3.rel1.win32_1.0.0.202411081344/tools/bin/../lib/gcc/arm-none-eabi/13.3.1/thumb/v7e-m+fp/hard/crtn.o
OUTPUT(Inference_OnBoard_IMU.elf elf32-littlearm)
LOAD linker stubs
LOAD C:/ST/STM32CubeIDE_1.19.0/STM32CubeIDE/plugins/com.st.stm32cube.ide.mcu.externaltools.gnu-tools-for-stm32.13.3.rel1.win32_1.0.0.202411081344/tools/bin/../lib/gcc/arm-none-eabi/13.3.1/../../../../arm-none-eabi/lib/thumb/v7e-m+fp/hard\libc.a
LOAD C:/ST/STM32CubeIDE_1.19.0/STM32CubeIDE/plugins/com.st.stm32cube.ide.mcu.externaltools.gnu-tools-for-stm32.13.3.rel1.win32_1.0.0.202411081344/tools/bin/../lib/gcc/arm-none-eabi/13.3.1/../../../../arm-none-eabi/lib/thumb/v7e-m+fp/hard\libm.a
LOAD C:/ST/STM32CubeIDE_1.19.0/STM32CubeIDE/plugins/com.st.stm32cube.ide.mcu.externaltools.gnu-tools-for-stm32.13.3.rel1.win32_1.0.0.202411081344/tools/bin/../lib/gcc/arm-none-eabi/13.3.1/thumb/v7e-m+fp/hard\libgcc.a

.debug_info     0x00000000    0x12a41
 .debug_info    0x00000000     0x15ca ./Core/Src/main.o
 .debug_info    0x000015ca     0x1237 ./Core/Src/stm32l4xx_hal_msp.o
 .debug_info    0x00002801      0x157 ./Core/Src/stm32l4xx_it.o
 .debug_info    0x00002958      0x6a3 ./Core/Src/syscalls.o
 .debug_info    0x00002ffb      0x168 ./Core/Src/sysmem.o
 .debug_info    0x00003163      0x61a ./Core/Src/system_stm32l4xx.o
 .debug_info    0x0000377d       0x30 ./Core/Startup/startup_stm32l4s5vitx.o
 .debug_info    0x000037ad      0xb91 ./Drivers/STM32L4xx_HAL_Driver/Src/stm32l4xx_hal.o
 .debug_info    0x0000433e      0xdcb ./Drivers/STM32L4xx_HAL_Driver/Src/stm32l4xx_hal_cortex.o
 .debug_info    0x00005109      0x7cf ./Drivers/STM32L4xx_HAL_Driver/Src/stm32l4xx_hal_gpio.o
 .debug_info    0x000058d8     0x2214 ./Drivers/STM32L4xx_HAL_Driver/Src/stm32l4xx_hal_i2c.o
 .debug_info    0x00007aec      0xb27 ./Drivers/STM32L4xx_HAL_Driver/Src/stm32l4xx_hal_i2c_ex.o
 .debug_info    0x00008613      0xa36 ./Drivers/STM32L4xx_HAL_Driver/Src/stm32l4xx_hal_pwr_ex.o
 .debug_info    0x00009049      0xd63 ./Drivers/STM32L4xx_HAL_Driver/Src/stm32l4xx_hal_rcc.o
 .debug_info    0x00009dac     0x11ae ./Drivers/STM32L4xx_HAL_Driver/Src/stm32l4xx_hal_rcc_ex.o
 .debug_info    0x0000af5a     0x489a ./Drivers/STM32L4xx_HAL_Driver/Src/stm32l4xx_hal_uart.o
 .debug_info    0x0000f7f4     0x1006 ./Drivers/STM32L4xx_HAL_Driver/Src/stm32l4xx_hal_uart_ex.o
 .debug_info    0x000107fa     0x1af1 ./X-CUBE-AI/App/network.o
 .debug_info    0x000122eb      0x603 ./X-CUBE-AI/App/network_data.o
 .debug_info    0x000128ee      0x153 ./X-CUBE-AI/App/network_data_params.o

.debug_abbrev   0x00000000     0x28ae
 .debug_abbrev  0x00000000      0x358 ./Core/Src/main.o
 .debug_abbrev  0x00000358      0x1db ./Core/Src/stm32l4xx_hal_msp.o
 .debug_abbrev  0x00000533       0xac ./Core/Src/stm32l4xx_it.o
 .debug_abbrev  0x000005df      0x1b6 ./Core/Src/syscalls.o
 .debug_abbrev  0x00000795       0xbc ./Core/Src/sysmem.o
 .debug_abbrev  0x00000851      0x117 ./Core/Src/system_stm32l4xx.o
 .debug_abbrev  0x00000968       0x24 ./Core/Startup/startup_stm32l4s5vitx.o
 .debug_abbrev  0x0000098c      0x243 ./Drivers/STM32L4xx_HAL_Driver/Src/stm32l4xx_hal.o
 .debug_abbrev  0x00000bcf      0x31c ./Drivers/STM32L4xx_HAL_Driver/Src/stm32l4xx_hal_cortex.o
 .debug_abbrev  0x00000eeb      0x1d1 ./Drivers/STM32L4xx_HAL_Driver/Src/stm32l4xx_hal_gpio.o
 .debug_abbrev  0x000010bc      0x282 ./Drivers/STM32L4xx_HAL_Driver/Src/stm32l4xx_hal_i2c.o
 .debug_abbrev  0x0000133e      0x1c8 ./Drivers/STM32L4xx_HAL_Driver/Src/stm32l4xx_hal_i2c_ex.o
 .debug_abbrev  0x00001506      0x1f9 ./Drivers/STM32L4xx_HAL_Driver/Src/stm32l4xx_hal_pwr_ex.o
 .debug_abbrev  0x000016ff      0x317 ./Drivers/STM32L4xx_HAL_Driver/Src/stm32l4xx_hal_rcc.o
 .debug_abbrev  0x00001a16      0x2a2 ./Drivers/STM32L4xx_HAL_Driver/Src/stm32l4xx_hal_rcc_ex.o
 .debug_abbrev  0x00001cb8      0x315 ./Drivers/STM32L4xx_HAL_Driver/Src/stm32l4xx_hal_uart.o
 .debug_abbrev  0x00001fcd      0x2d2 ./Drivers/STM32L4xx_HAL_Driver/Src/stm32l4xx_hal_uart_ex.o
 .debug_abbrev  0x0000229f      0x348 ./X-CUBE-AI/App/network.o
 .debug_abbrev  0x000025e7      0x20e ./X-CUBE-AI/App/network_data.o
 .debug_abbrev  0x000027f5       0xb9 ./X-CUBE-AI/App/network_data_params.o

.debug_aranges  0x00000000      0xe88
 .debug_aranges
                0x00000000       0x60 ./Core/Src/main.o
 .debug_aranges
                0x00000060       0x40 ./Core/Src/stm32l4xx_hal_msp.o
 .debug_aranges
                0x000000a0       0x60 ./Core/Src/stm32l4xx_it.o
 .debug_aranges
                0x00000100       0xa8 ./Core/Src/syscalls.o
 .debug_aranges
                0x000001a8       0x20 ./Core/Src/sysmem.o
 .debug_aranges
                0x000001c8       0x28 ./Core/Src/system_stm32l4xx.o
 .debug_aranges
                0x000001f0       0x28 ./Core/Startup/startup_stm32l4s5vitx.o
 .debug_aranges
                0x00000218      0x130 ./Drivers/STM32L4xx_HAL_Driver/Src/stm32l4xx_hal.o
 .debug_aranges
                0x00000348      0x128 ./Drivers/STM32L4xx_HAL_Driver/Src/stm32l4xx_hal_cortex.o
 .debug_aranges
                0x00000470       0x58 ./Drivers/STM32L4xx_HAL_Driver/Src/stm32l4xx_hal_gpio.o
 .debug_aranges
                0x000004c8      0x2a0 ./Drivers/STM32L4xx_HAL_Driver/Src/stm32l4xx_hal_i2c.o
 .debug_aranges
                0x00000768       0x48 ./Drivers/STM32L4xx_HAL_Driver/Src/stm32l4xx_hal_i2c_ex.o
 .debug_aranges
                0x000007b0      0x170 ./Drivers/STM32L4xx_HAL_Driver/Src/stm32l4xx_hal_pwr_ex.o
 .debug_aranges
                0x00000920       0x98 ./Drivers/STM32L4xx_HAL_Driver/Src/stm32l4xx_hal_rcc.o
 .debug_aranges
                0x000009b8      0x110 ./Drivers/STM32L4xx_HAL_Driver/Src/stm32l4xx_hal_rcc_ex.o
 .debug_aranges
                0x00000ac8      0x248 ./Drivers/STM32L4xx_HAL_Driver/Src/stm32l4xx_hal_uart.o
 .debug_aranges
                0x00000d10       0xa8 ./Drivers/STM32L4xx_HAL_Driver/Src/stm32l4xx_hal_uart_ex.o
 .debug_aranges
                0x00000db8       0x80 ./X-CUBE-AI/App/network.o
 .debug_aranges
                0x00000e38       0x38 ./X-CUBE-AI/App/network_data.o
 .debug_aranges
                0x00000e70       0x18 ./X-CUBE-AI/App/network_data_params.o

.debug_rnglists
                0x00000000      0xb24
 .debug_rnglists
                0x00000000       0x48 ./Core/Src/main.o
 .debug_rnglists
                0x00000048       0x2d ./Core/Src/stm32l4xx_hal_msp.o
 .debug_rnglists
                0x00000075       0x43 ./Core/Src/stm32l4xx_it.o
 .debug_rnglists
                0x000000b8       0x79 ./Core/Src/syscalls.o
 .debug_rnglists
                0x00000131       0x13 ./Core/Src/sysmem.o
 .debug_rnglists
                0x00000144       0x1a ./Core/Src/system_stm32l4xx.o
 .debug_rnglists
                0x0000015e       0x19 ./Core/Startup/startup_stm32l4s5vitx.o
 .debug_rnglists
                0x00000177       0xdf ./Drivers/STM32L4xx_HAL_Driver/Src/stm32l4xx_hal.o
 .debug_rnglists
                0x00000256       0xda ./Drivers/STM32L4xx_HAL_Driver/Src/stm32l4xx_hal_cortex.o
 .debug_rnglists
                0x00000330       0x3f ./Drivers/STM32L4xx_HAL_Driver/Src/stm32l4xx_hal_gpio.o
 .debug_rnglists
                0x0000036f      0x228 ./Drivers/STM32L4xx_HAL_Driver/Src/stm32l4xx_hal_i2c.o
 .debug_rnglists
                0x00000597       0x35 ./Drivers/STM32L4xx_HAL_Driver/Src/stm32l4xx_hal_i2c_ex.o
 .debug_rnglists
                0x000005cc      0x115 ./Drivers/STM32L4xx_HAL_Driver/Src/stm32l4xx_hal_pwr_ex.o
 .debug_rnglists
                0x000006e1       0x74 ./Drivers/STM32L4xx_HAL_Driver/Src/stm32l4xx_hal_rcc.o
 .debug_rnglists
                0x00000755       0xd4 ./Drivers/STM32L4xx_HAL_Driver/Src/stm32l4xx_hal_rcc_ex.o
 .debug_rnglists
                0x00000829      0x1f7 ./Drivers/STM32L4xx_HAL_Driver/Src/stm32l4xx_hal_uart.o
 .debug_rnglists
                0x00000a20       0x7f ./Drivers/STM32L4xx_HAL_Driver/Src/stm32l4xx_hal_uart_ex.o
 .debug_rnglists
                0x00000a9f       0x60 ./X-CUBE-AI/App/network.o
 .debug_rnglists
                0x00000aff       0x25 ./X-CUBE-AI/App/network_data.o

.debug_macro    0x00000000    0x2dbef
 .debug_macro   0x00000000      0x375 ./Core/Src/main.o