14:55:40 **** Incremental Build of configuration Debug for project Inference_OnBoard_IMU ****
make -j16 all 
arm-none-eabi-gcc "../X-CUBE-AI/App/network.c" -mcpu=cortex-m4 -std=gnu11 -g3 -DDEBUG -DUSE_HAL_DRIVER -DSTM32L4S5xx -c -I../Core/Inc -I../Drivers/STM32L4xx_HAL_Driver/Inc -I../Drivers/STM32L4xx_HAL_Driver/Inc/Legacy -I../Drivers/CMSIS/Device/ST/STM32L4xx/Include -I../Drivers/CMSIS/Include -I../Middlewares/ST/AI/Inc -I../X-CUBE-AI/App -O0 -ffunction-sections -fdata-sections -Wall -fstack-usage -fcyclomatic-complexity -MMD -MP -MF"X-CUBE-AI/App/network.d" -MT"X-CUBE-AI/App/network.o" --specs=nano.specs -mfpu=fpv4-sp-d16 -mfloat-abi=hard -mthumb -o "X-CUBE-AI/App/network.o"
arm-none-eabi-gcc "../X-CUBE-AI/App/network_data.c" -mcpu=cortex-m4 -std=gnu11 -g3 -DDEBUG -DUSE_HAL_DRIVER -DSTM32L4S5xx -c -I../Core/Inc -I../Drivers/STM32L4xx_HAL_Driver/Inc -I../Drivers/STM32L4xx_HAL_Driver/Inc/Legacy -I../Drivers/CMSIS/Device/ST/STM32L4xx/Include -I../Drivers/CMSIS/Include -I../Middlewares/ST/AI/Inc -I../X-CUBE-AI/App -O0 -ffunction-sections -fdata-sections -Wall -fstack-usage -fcyclomatic-complexity -MMD -MP -MF"X-CUBE-AI/App/network_data.d" -MT"X-CUBE-AI/App/network_data.o" --specs=nano.specs -mfpu=fpv4-sp-d16 -mfloat-abi=hard -mthumb -o "X-CUBE-AI/App/network_data.o"
arm-none-eabi-gcc "../X-CUBE-AI/App/network_data_params.c" -mcpu=cortex-m4 -std=gnu11 -g3 -DDEBUG -DUSE_HAL_DRIVER -DSTM32L4S5xx -c -I../Core/Inc -I../Drivers/STM32L4xx_HAL_Driver/Inc -I../Drivers/STM32L4xx_HAL_Driver/Inc/Legacy -I../Drivers/CMSIS/Device/ST/STM32L4xx/Include -I../Drivers/CMSIS/Include -I../Middlewares/ST/AI/Inc -I../X-CUBE-AI/App -O0 -ffunction-sections -fdata-sections -Wall -fstack-usage -fcyclomatic-complexity -MMD -MP -MF"X-CUBE-AI/App/network_data_params.d" -MT"X-CUBE-AI/App/network_data_params.o" --specs=nano.specs -mfpu=fpv4-sp-d16 -mfloat-abi=hard -mthumb -o "X-CUBE-AI/App/network_data_params.o"
arm-none-eabi-gcc "../Core/Src/main.c" -mcpu=cortex-m4 -std=gnu11 -g3 -DDEBUG -DUSE_HAL_DRIVER -DSTM32L4S5xx -c -I../Core/Inc -I../Drivers/STM32L4xx_HAL_Driver/Inc -I../Drivers/STM32L4xx_HAL_Driver/Inc/Legacy -I../Drivers/CMSIS/Device/ST/STM32L4xx/Include -I../Drivers/CMSIS/Include -I../Middlewares/ST/AI/Inc -I../X-CUBE-AI/App -O0 -ffunction-sections -fdata-sections -Wall -fstack-usage -fcyclomatic-complexity -MMD -MP -MF"Core/Src/main.d" -MT"Core/Src/main.o" --specs=nano.specs -mfpu=fpv4-sp-d16 -mfloat-abi=hard -mthumb -o "Core/Src/main.o"
../Core/Src/main.c: In function 'main':
../Core/Src/main.c:166:11: warning: implicit declaration of function 'AI_Run' [-Wimplicit-function-declaration]
  166 |           AI_Run();
      |           ^~~~~~
../Core/Src/main.c: At top level:
../Core/Src/main.c:345:6: warning: conflicting types for 'AI_Run'; have 'void(void)'
  345 | void AI_Run(void)
      |      ^~~~~~
../Core/Src/main.c:166:11: note: previous implicit declaration of 'AI_Run' with type 'void(void)'
  166 |           AI_Run();
      |           ^~~~~~
arm-none-eabi-gcc -o "Inference_OnBoard_IMU.elf" @"objects.list"  -l:NetworkRuntime1020_CM4_GCC.a -mcpu=cortex-m4 -T"D:\RKS_TinyML_Workspace\TinyML_Workshop_Nitte\STM32\Inference_OnBoard_IMU\STM32L4S5VITX_FLASH.ld" --specs=nosys.specs -Wl,-Map="Inference_OnBoard_IMU.map" -Wl,--gc-sections -static -L../Middlewares/ST/AI/Lib --specs=nano.specs -mfpu=fpv4-sp-d16 -mfloat-abi=hard -mthumb -Wl,--start-group -lc -lm -Wl,--end-group
Finished building target: Inference_OnBoard_IMU.elf
 
arm-none-eabi-size  Inference_OnBoard_IMU.elf 
arm-none-eabi-objdump -h -S Inference_OnBoard_IMU.elf  > "Inference_OnBoard_IMU.list"
   text	   data	    bss	    dec	    hex	filename
1340164	   1984	   4992	1347140	 148e44	Inference_OnBoard_IMU.elf
Finished building: default.size.stdout
 
Finished building: Inference_OnBoard_IMU.list
 

14:55:42 Build Finished. 0 errors, 2 warnings. (took 1s.98ms)

