15:41:59 **** Incremental Build of configuration Debug for project NANOEdge_AI ****
make -j16 all 
arm-none-eabi-gcc "../Core/Src/main.c" -mcpu=cortex-m4 -std=gnu11 -g3 -DDEBUG -DUSE_HAL_DRIVER -DSTM32L4S5xx -c -I../Core/Inc -I"D:/RKS_TinyML_Workspace/TinyML_Workshop_Nitte/STM32/NANOEdge_AI/NEAI/Inc" -I../Drivers/STM32L4xx_HAL_Driver/Inc -I../Drivers/STM32L4xx_HAL_Driver/Inc/Legacy -I../Drivers/CMSIS/Device/ST/STM32L4xx/Include -I../Drivers/CMSIS/Include -O0 -ffunction-sections -fdata-sections -Wall -fstack-usage -fcyclomatic-complexity -MMD -MP -MF"Core/Src/main.d" -MT"Core/Src/main.o" --specs=nano.specs -mfpu=fpv4-sp-d16 -mfloat-abi=hard -mthumb -o "Core/Src/main.o"
arm-none-eabi-gcc -o "NANOEdge_AI.elf" @"objects.list"  -lneai -mcpu=cortex-m4 -T"D:\RKS_TinyML_Workspace\TinyML_Workshop_Nitte\STM32\NANOEdge_AI\STM32L4S5VITX_FLASH.ld" --specs=nosys.specs -Wl,-Map="NANOEdge_AI.map" -Wl,--gc-sections -static -L"D:\RKS_TinyML_Workspace\TinyML_Workshop_Nitte\STM32\NANOEdge_AI\NEAI\Lib" --specs=nano.specs -mfpu=fpv4-sp-d16 -mfloat-abi=hard -mthumb -u _printf_float -u _scanf_float -Wl,--start-group -lc -lm -Wl,--end-group
Finished building target: NANOEdge_AI.elf
 
arm-none-eabi-size  NANOEdge_AI.elf 
arm-none-eabi-objdump -h -S NANOEdge_AI.elf  > "NANOEdge_AI.list"
   text	   data	    bss	    dec	    hex	filename
 127712	    488	  15104	 143304	  22fc8	NANOEdge_AI.elf
Finished building: default.size.stdout
 
Finished building: NANOEdge_AI.list
 

15:42:00 Build Finished. 0 errors, 0 warnings. (took 646ms)

