../Core/Inc/mpu6050.h:32:6:MPU6050_Init	32	static
../Core/Inc/mpu6050.h:41:6:MPU_6050_Read_Accel	40	static
../Core/Inc/mpu6050.h:59:6:MPU_6050_Read_Gyro	40	static
../Core/Src/main.c:71:5:main	40	static
../Core/Src/main.c:122:6:SystemClock_Config	96	static
../Core/Src/main.c:173:13:MX_I2C1_Init	8	static
../Core/Src/main.c:221:13:MX_USART1_UART_Init	8	static
../Core/Src/main.c:269:13:MX_GPIO_Init	16	static
../Core/Src/main.c:284:5:_write	24	static
../Core/Src/main.c:295:6:Error_Handler	4	static,ignoring_inline_asm
