../Core/Src/main.c:103:6:MX_X_CUBE_AI_Init	16	static
../Core/Src/main.c:139:5:main	72	static
../Core/Src/main.c:219:6:SystemClock_Config	96	static
../Core/Src/main.c:270:13:MX_I2C2_Init	8	static
../Core/Src/main.c:318:13:MX_USART1_UART_Init	8	static
../Core/Src/main.c:366:13:MX_GPIO_Init	16	static
../Core/Src/main.c:381:5:_write	24	static
../Core/Src/main.c:387:6:Normalize_Features	16	static
../Core/Src/main.c:404:6:AI_Run	16	static
../Core/Src/main.c:436:6:Error_Handler	4	static,ignoring_inline_asm
