../Core/Src/main.c:103:6:MX_X_CUBE_AI_Init	16	static
../Core/Src/main.c:139:5:main	128	static
../Core/Src/main.c:258:6:SystemClock_Config	96	static
../Core/Src/main.c:309:13:MX_I2C2_Init	8	static
../Core/Src/main.c:357:13:MX_USART1_UART_Init	8	static
../Core/Src/main.c:405:13:MX_GPIO_Init	16	static
../Core/Src/main.c:420:5:_write	24	static
../Core/Src/main.c:426:6:Normalize_Features	16	static
../Core/Src/main.c:443:6:AI_Run	16	static
../Core/Src/main.c:471:6:Error_Handler	4	static,ignoring_inline_asm
